Archive member included to satisfy reference by file (symbol)

/usr/lib/gcc/arm-none-eabi/6.3.1/../../../arm-none-eabi/lib/thumb/v7e-m/fpv4-sp/hard/libc_nano.a(lib_a-atexit.o)
                              /usr/lib/gcc/arm-none-eabi/6.3.1/../../../arm-none-eabi/lib/thumb/v7e-m/fpv4-sp/hard/crt0.o (atexit)
/usr/lib/gcc/arm-none-eabi/6.3.1/../../../arm-none-eabi/lib/thumb/v7e-m/fpv4-sp/hard/libc_nano.a(lib_a-exit.o)
                              /usr/lib/gcc/arm-none-eabi/6.3.1/../../../arm-none-eabi/lib/thumb/v7e-m/fpv4-sp/hard/crt0.o (exit)
/usr/lib/gcc/arm-none-eabi/6.3.1/../../../arm-none-eabi/lib/thumb/v7e-m/fpv4-sp/hard/libc_nano.a(lib_a-fini.o)
                              /usr/lib/gcc/arm-none-eabi/6.3.1/../../../arm-none-eabi/lib/thumb/v7e-m/fpv4-sp/hard/crt0.o (__libc_fini_array)
/usr/lib/gcc/arm-none-eabi/6.3.1/../../../arm-none-eabi/lib/thumb/v7e-m/fpv4-sp/hard/libc_nano.a(lib_a-impure.o)
                              /usr/lib/gcc/arm-none-eabi/6.3.1/../../../arm-none-eabi/lib/thumb/v7e-m/fpv4-sp/hard/libc_nano.a(lib_a-exit.o) (_global_impure_ptr)
/usr/lib/gcc/arm-none-eabi/6.3.1/../../../arm-none-eabi/lib/thumb/v7e-m/fpv4-sp/hard/libc_nano.a(lib_a-init.o)
                              /usr/lib/gcc/arm-none-eabi/6.3.1/../../../arm-none-eabi/lib/thumb/v7e-m/fpv4-sp/hard/crt0.o (__libc_init_array)
/usr/lib/gcc/arm-none-eabi/6.3.1/../../../arm-none-eabi/lib/thumb/v7e-m/fpv4-sp/hard/libc_nano.a(lib_a-memcpy.o)
                              build/nrf24.o (memcpy)
/usr/lib/gcc/arm-none-eabi/6.3.1/../../../arm-none-eabi/lib/thumb/v7e-m/fpv4-sp/hard/libc_nano.a(lib_a-memset.o)
                              /usr/lib/gcc/arm-none-eabi/6.3.1/../../../arm-none-eabi/lib/thumb/v7e-m/fpv4-sp/hard/crt0.o (memset)
/usr/lib/gcc/arm-none-eabi/6.3.1/../../../arm-none-eabi/lib/thumb/v7e-m/fpv4-sp/hard/libc_nano.a(lib_a-sprintf.o)
                              build/ili9341.o (sprintf)
/usr/lib/gcc/arm-none-eabi/6.3.1/../../../arm-none-eabi/lib/thumb/v7e-m/fpv4-sp/hard/libc_nano.a(lib_a-strlen.o)
                              build/ili9341.o (strlen)
/usr/lib/gcc/arm-none-eabi/6.3.1/../../../arm-none-eabi/lib/thumb/v7e-m/fpv4-sp/hard/libc_nano.a(lib_a-__atexit.o)
                              /usr/lib/gcc/arm-none-eabi/6.3.1/../../../arm-none-eabi/lib/thumb/v7e-m/fpv4-sp/hard/libc_nano.a(lib_a-atexit.o) (__register_exitproc)
/usr/lib/gcc/arm-none-eabi/6.3.1/../../../arm-none-eabi/lib/thumb/v7e-m/fpv4-sp/hard/libc_nano.a(lib_a-__call_atexit.o)
                              /usr/lib/gcc/arm-none-eabi/6.3.1/../../../arm-none-eabi/lib/thumb/v7e-m/fpv4-sp/hard/libc_nano.a(lib_a-__atexit.o) (__call_exitprocs)
/usr/lib/gcc/arm-none-eabi/6.3.1/../../../arm-none-eabi/lib/thumb/v7e-m/fpv4-sp/hard/libc_nano.a(lib_a-nano-svfprintf.o)
                              /usr/lib/gcc/arm-none-eabi/6.3.1/../../../arm-none-eabi/lib/thumb/v7e-m/fpv4-sp/hard/libc_nano.a(lib_a-sprintf.o) (_svfprintf_r)
/usr/lib/gcc/arm-none-eabi/6.3.1/../../../arm-none-eabi/lib/thumb/v7e-m/fpv4-sp/hard/libc_nano.a(lib_a-nano-vfprintf_i.o)
                              /usr/lib/gcc/arm-none-eabi/6.3.1/../../../arm-none-eabi/lib/thumb/v7e-m/fpv4-sp/hard/libc_nano.a(lib_a-nano-svfprintf.o) (_printf_i)
/usr/lib/gcc/arm-none-eabi/6.3.1/../../../arm-none-eabi/lib/thumb/v7e-m/fpv4-sp/hard/libc_nano.a(lib_a-memchr.o)
                              /usr/lib/gcc/arm-none-eabi/6.3.1/../../../arm-none-eabi/lib/thumb/v7e-m/fpv4-sp/hard/libc_nano.a(lib_a-nano-svfprintf.o) (memchr)
/usr/lib/gcc/arm-none-eabi/6.3.1/../../../arm-none-eabi/lib/thumb/v7e-m/fpv4-sp/hard/libc_nano.a(lib_a-memmove.o)
                              /usr/lib/gcc/arm-none-eabi/6.3.1/../../../arm-none-eabi/lib/thumb/v7e-m/fpv4-sp/hard/libc_nano.a(lib_a-nano-svfprintf.o) (memmove)
/usr/lib/gcc/arm-none-eabi/6.3.1/../../../arm-none-eabi/lib/thumb/v7e-m/fpv4-sp/hard/libc_nano.a(lib_a-nano-freer.o)
                              /usr/lib/gcc/arm-none-eabi/6.3.1/../../../arm-none-eabi/lib/thumb/v7e-m/fpv4-sp/hard/libc_nano.a(lib_a-nano-svfprintf.o) (_free_r)
/usr/lib/gcc/arm-none-eabi/6.3.1/../../../arm-none-eabi/lib/thumb/v7e-m/fpv4-sp/hard/libc_nano.a(lib_a-nano-mallocr.o)
                              /usr/lib/gcc/arm-none-eabi/6.3.1/../../../arm-none-eabi/lib/thumb/v7e-m/fpv4-sp/hard/libc_nano.a(lib_a-nano-svfprintf.o) (_malloc_r)
/usr/lib/gcc/arm-none-eabi/6.3.1/../../../arm-none-eabi/lib/thumb/v7e-m/fpv4-sp/hard/libc_nano.a(lib_a-nano-reallocr.o)
                              /usr/lib/gcc/arm-none-eabi/6.3.1/../../../arm-none-eabi/lib/thumb/v7e-m/fpv4-sp/hard/libc_nano.a(lib_a-nano-svfprintf.o) (_realloc_r)
/usr/lib/gcc/arm-none-eabi/6.3.1/../../../arm-none-eabi/lib/thumb/v7e-m/fpv4-sp/hard/libc_nano.a(lib_a-sbrkr.o)
                              /usr/lib/gcc/arm-none-eabi/6.3.1/../../../arm-none-eabi/lib/thumb/v7e-m/fpv4-sp/hard/libc_nano.a(lib_a-nano-mallocr.o) (_sbrk_r)
/usr/lib/gcc/arm-none-eabi/6.3.1/../../../arm-none-eabi/lib/thumb/v7e-m/fpv4-sp/hard/libc_nano.a(lib_a-nano-msizer.o)
[...]
Memory Configuration

Name             Origin             Length             Attributes
RAM              0x0000000020000000 0x0000000000018000 xrw
FLASH            0x0000000008000000 0x0000000000080000 xr
*default*        0x0000000000000000 0xffffffffffffffff

Linker script and memory map

LOAD /usr/lib/gcc/arm-none-eabi/6.3.1/thumb/v7e-m/fpv4-sp/hard/crti.o
LOAD /usr/lib/gcc/arm-none-eabi/6.3.1/thumb/v7e-m/fpv4-sp/hard/crtbegin.o
LOAD /usr/lib/gcc/arm-none-eabi/6.3.1/../../../arm-none-eabi/lib/thumb/v7e-m/fpv4-sp/hard/crt0.o
LOAD build/main.o
LOAD build/stm32f4xx_it.o
LOAD build/stm32f4xx_hal_msp.o
LOAD build/stm32f4xx_hal_tim.o
LOAD build/stm32f4xx_hal_tim_ex.o
LOAD build/stm32f4xx_hal_uart.o
LOAD build/stm32f4xx_hal_rcc.o
LOAD build/stm32f4xx_hal_rcc_ex.o
LOAD build/stm32f4xx_hal_flash.o
LOAD build/stm32f4xx_hal_flash_ex.o
LOAD build/stm32f4xx_hal_flash_ramfunc.o
LOAD build/stm32f4xx_hal_gpio.o
LOAD build/stm32f4xx_hal_dma_ex.o
LOAD build/stm32f4xx_hal_dma.o
LOAD build/stm32f4xx_hal_pwr.o
LOAD build/stm32f4xx_hal_pwr_ex.o
LOAD build/stm32f4xx_hal_cortex.o
LOAD build/stm32f4xx_hal.o
LOAD build/stm32f4xx_hal_exti.o
LOAD build/system_stm32f4xx.o
LOAD build/stm32f4xx_hal_timebase_tim.o
LOAD build/ili9341.o
LOAD build/nrf24.o
LOAD build/stm32f4xx_hal_pcd.o
LOAD build/stm32f4xx_hal_pcd_ex.o
LOAD build/stm32f4xx_ll_usb.o
LOAD build/usb-cdc-device.o
LOAD build/startup_stm32f401xe.o
LOAD /usr/lib/gcc/arm-none-eabi/6.3.1/../../../arm-none-eabi/lib/thumb/v7e-m/fpv4-sp/hard/libc_nano.a
LOAD /usr/lib/gcc/arm-none-eabi/6.3.1/../../../arm-none-eabi/lib/thumb/v7e-m/fpv4-sp/hard/libm.a
LOAD /usr/lib/gcc/arm-none-eabi/6.3.1/../../../arm-none-eabi/lib/thumb/v7e-m/fpv4-sp/hard/libnosys.a
START GROUP
LOAD /usr/lib/gcc/arm-none-eabi/6.3.1/thumb/v7e-m/fpv4-sp/hard/libgcc.a
LOAD /usr/lib/gcc/arm-none-eabi/6.3.1/../../../arm-none-eabi/lib/thumb/v7e-m/fpv4-sp/hard/libc_nano.a
END GROUP
START GROUP
LOAD /usr/lib/gcc/arm-none-eabi/6.3.1/thumb/v7e-m/fpv4-sp/hard/libgcc.a
LOAD /usr/lib/gcc/arm-none-eabi/6.3.1/../../../arm-none-eabi/lib/thumb/v7e-m/fpv4-sp/hard/libc_nano.a
END GROUP
LOAD /usr/lib/gcc/arm-none-eabi/6.3.1/thumb/v7e-m/fpv4-sp/hard/crtend.o
LOAD /usr/lib/gcc/arm-none-eabi/6.3.1/thumb/v7e-m/fpv4-sp/hard/crtn.o
                0x0000000020018000                _estack = (ORIGIN (RAM) + LENGTH (RAM))
                0x0000000000000200                _Min_Heap_Size = 0x200
                0x0000000000000400                _Min_Stack_Size = 0x400

.isr_vector     0x0000000008000000      0x194
                0x0000000008000000                . = ALIGN (0x4)
 *(.isr_vector)
 .isr_vector    0x0000000008000000      0x194 build/startup_stm32f401xe.o
                0x0000000008000000                g_pfnVectors
                0x0000000008000194                . = ALIGN (0x4)

.text           0x00000000080001c0     0x45f8
                0x00000000080001c0                . = ALIGN (0x4)
 *(.text)
 .text          0x00000000080001c0       0xa4 /usr/lib/gcc/arm-none-eabi/6.3.1/thumb/v7e-m/fpv4-sp/hard/crtbegin.o
 .text          0x0000000008000264       0x50 /usr/lib/gcc/arm-none-eabi/6.3.1/../../../arm-none-eabi/lib/thumb/v7e-m/fpv4-sp/hard/libc_nano.a(lib_a-init.o)
                0x0000000008000264                __libc_init_array
 .text          0x00000000080002b4      0x134 /usr/lib/gcc/arm-none-eabi/6.3.1/../../../arm-none-eabi/lib/thumb/v7e-m/fpv4-sp/hard/libc_nano.a(lib_a-memcpy.o)
                0x00000000080002b4                memcpy
 .text          0x00000000080003e8       0x9c /usr/lib/gcc/arm-none-eabi/6.3.1/../../../arm-none-eabi/lib/thumb/v7e-m/fpv4-sp/hard/libc_nano.a(lib_a-memset.o)
                0x00000000080003e8                memset
 *fill*         0x0000000008000484       0x3c 
 .text          0x00000000080004c0       0xdc /usr/lib/gcc/arm-none-eabi/6.3.1/../../../arm-none-eabi/lib/thumb/v7e-m/fpv4-sp/hard/libc_nano.a(lib_a-strlen.o)
                0x00000000080004c0                strlen
 .text          0x000000000800059c       0x30 /usr/lib/gcc/arm-none-eabi/6.3.1/thumb/v7e-m/fpv4-sp/hard/libgcc.a(_aeabi_uldivmod.o)
                0x000000000800059c                __aeabi_uldivmod
 .text          0x00000000080005cc      0x2dc /usr/lib/gcc/arm-none-eabi/6.3.1/thumb/v7e-m/fpv4-sp/hard/libgcc.a(_udivmoddi4.o)
                0x00000000080005cc                __udivmoddi4
 .text          0x00000000080008a8        0x4 /usr/lib/gcc/arm-none-eabi/6.3.1/thumb/v7e-m/fpv4-sp/hard/libgcc.a(_dvmd_tls.o)
                0x00000000080008a8                __aeabi_ldiv0
                0x00000000080008a8                __aeabi_idiv0
 *(.text*)
 .text.MX_GPIO_Init
                0x00000000080008ac      0x144 build/main.o
 .text.HAL_TIM_PeriodElapsedCallback
                0x00000000080009f0       0x18 build/main.o
                0x00000000080009f0                HAL_TIM_PeriodElapsedCallback
 .text.Error_Handler
                0x0000000008000a08        0x4 build/main.o
                0x0000000008000a08                Error_Handler
 .text.MX_USART2_UART_Init
                0x0000000008000a0c       0x34 build/main.o
 .text.SystemClock_Config
                0x0000000008000a40       0xa8 build/main.o
                0x0000000008000a40                SystemClock_Config
 .text.main     0x0000000008000ae8       0x38 build/main.o
                0x0000000008000ae8                main
 .text.OTG_FS_IRQHandler
                0x0000000008000b20       0x10 build/stm32f4xx_it.o
                0x0000000008000b20                OTG_FS_IRQHandler
 .text.NMI_Handler
                0x0000000008000b30        0x2 build/stm32f4xx_it.o
                0x0000000008000b30                NMI_Handler
 .text.HardFault_Handler
                0x0000000008000b32        0x2 build/stm32f4xx_it.o
                0x0000000008000b32                HardFault_Handler
 .text.MemManage_Handler
                0x0000000008000b34        0x2 build/stm32f4xx_it.o
                0x0000000008000b34                MemManage_Handler
 .text.BusFault_Handler
                0x0000000008000b36        0x2 build/stm32f4xx_it.o
                0x0000000008000b36                BusFault_Handler
 .text.UsageFault_Handler
                0x0000000008000b38        0x2 build/stm32f4xx_it.o
                0x0000000008000b38                UsageFault_Handler
 .text.SVC_Handler
                0x0000000008000b3a        0x2 build/stm32f4xx_it.o
                0x0000000008000b3a                SVC_Handler
 .text.DebugMon_Handler
                0x0000000008000b3c        0x2 build/stm32f4xx_it.o
                0x0000000008000b3c                DebugMon_Handler
 .text.PendSV_Handler
                0x0000000008000b3e        0x2 build/stm32f4xx_it.o
                0x0000000008000b3e                PendSV_Handler
 .text.SysTick_Handler
                0x0000000008000b40        0x2 build/stm32f4xx_it.o
                0x0000000008000b40                SysTick_Handler
 *fill*         0x0000000008000b42        0x2 
 .text.TIM1_UP_TIM10_IRQHandler
                0x0000000008000b44       0x10 build/stm32f4xx_it.o
                0x0000000008000b44                TIM1_UP_TIM10_IRQHandler
 .text.HAL_MspInit
                0x0000000008000b54       0x40 build/stm32f4xx_hal_msp.o
                0x0000000008000b54                HAL_MspInit
 .text.HAL_UART_MspInit
                0x0000000008000b94       0x6c build/stm32f4xx_hal_msp.o
                0x0000000008000b94                HAL_UART_MspInit
 .text.HAL_TIM_Base_MspInit
                0x0000000008000c00        0x2 build/stm32f4xx_hal_tim.o
                0x0000000008000c00                HAL_TIM_Base_MspInit
 *fill*         0x0000000008000c02        0x2 
 .text.HAL_TIM_Base_Start_IT
                0x0000000008000c04       0x78 build/stm32f4xx_hal_tim.o
                0x0000000008000c04                HAL_TIM_Base_Start_IT
 .text.HAL_TIM_OC_DelayElapsedCallback
                0x0000000008000c7c        0x2 build/stm32f4xx_hal_tim.o
                0x0000000008000c7c                HAL_TIM_OC_DelayElapsedCallback
 .text.HAL_TIM_IC_CaptureCallback
                0x0000000008000c7e        0x2 build/stm32f4xx_hal_tim.o
                0x0000000008000c7e                HAL_TIM_IC_CaptureCallback
 .text.HAL_TIM_PWM_PulseFinishedCallback
                0x0000000008000c80        0x2 build/stm32f4xx_hal_tim.o
                0x0000000008000c80                HAL_TIM_PWM_PulseFinishedCallback
 .text.HAL_TIM_TriggerCallback
                0x0000000008000c82        0x2 build/stm32f4xx_hal_tim.o
                0x0000000008000c82                HAL_TIM_TriggerCallback
 .text.HAL_TIM_IRQHandler
                0x0000000008000c84      0x17a build/stm32f4xx_hal_tim.o
                0x0000000008000c84                HAL_TIM_IRQHandler
 *fill*         0x0000000008000dfe        0x2 
 .text.TIM_Base_SetConfig
                0x0000000008000e00       0x9c build/stm32f4xx_hal_tim.o
                0x0000000008000e00                TIM_Base_SetConfig
 .text.HAL_TIM_Base_Init
                0x0000000008000e9c       0x56 build/stm32f4xx_hal_tim.o
                0x0000000008000e9c                HAL_TIM_Base_Init
 .text.HAL_TIMEx_CommutCallback
                0x0000000008000ef2        0x2 build/stm32f4xx_hal_tim_ex.o
                0x0000000008000ef2                HAL_TIMEx_CommutCallback
 .text.HAL_TIMEx_BreakCallback
                0x0000000008000ef4        0x2 build/stm32f4xx_hal_tim_ex.o
                0x0000000008000ef4                HAL_TIMEx_BreakCallback
 *fill*         0x0000000008000ef6        0x2 
 .text.UART_SetConfig
                0x0000000008000ef8      0x110 build/stm32f4xx_hal_uart.o
 .text.HAL_UART_Init
                0x0000000008001008       0x5e build/stm32f4xx_hal_uart.o
                0x0000000008001008                HAL_UART_Init
 *fill*         0x0000000008001066        0x2 
 .text.HAL_RCC_OscConfig
                0x0000000008001068      0x3f8 build/stm32f4xx_hal_rcc.o
                0x0000000008001068                HAL_RCC_OscConfig
 .text.HAL_RCC_GetSysClockFreq
                0x0000000008001460       0xd4 build/stm32f4xx_hal_rcc.o
                0x0000000008001460                HAL_RCC_GetSysClockFreq
 .text.HAL_RCC_ClockConfig
                0x0000000008001534      0x160 build/stm32f4xx_hal_rcc.o
                0x0000000008001534                HAL_RCC_ClockConfig
 .text.HAL_RCC_GetHCLKFreq
                0x0000000008001694        0xc build/stm32f4xx_hal_rcc.o
                0x0000000008001694                HAL_RCC_GetHCLKFreq
 .text.HAL_RCC_GetPCLK1Freq
                0x00000000080016a0       0x20 build/stm32f4xx_hal_rcc.o
                0x00000000080016a0                HAL_RCC_GetPCLK1Freq
 .text.HAL_RCC_GetPCLK2Freq
                0x00000000080016c0       0x20 build/stm32f4xx_hal_rcc.o
                0x00000000080016c0                HAL_RCC_GetPCLK2Freq
 .text.HAL_RCC_GetClockConfig
                0x00000000080016e0       0x3c build/stm32f4xx_hal_rcc.o
                0x00000000080016e0                HAL_RCC_GetClockConfig
 .text.HAL_GPIO_Init
                0x000000000800171c      0x1b4 build/stm32f4xx_hal_gpio.o
                0x000000000800171c                HAL_GPIO_Init
 .text.HAL_GPIO_WritePin
                0x00000000080018d0        0xc build/stm32f4xx_hal_gpio.o
                0x00000000080018d0                HAL_GPIO_WritePin
 .text.HAL_NVIC_SetPriorityGrouping
                0x00000000080018dc       0x24 build/stm32f4xx_hal_cortex.o
                0x00000000080018dc                HAL_NVIC_SetPriorityGrouping
 .text.HAL_NVIC_SetPriority
                0x0000000008001900       0x64 build/stm32f4xx_hal_cortex.o
                0x0000000008001900                HAL_NVIC_SetPriority
 .text.HAL_NVIC_EnableIRQ
                0x0000000008001964       0x1c build/stm32f4xx_hal_cortex.o
                0x0000000008001964                HAL_NVIC_EnableIRQ
 .text.HAL_Init
                0x0000000008001980       0x34 build/stm32f4xx_hal.o
                0x0000000008001980                HAL_Init
 .text.HAL_IncTick
                0x00000000080019b4       0x18 build/stm32f4xx_hal.o
                0x00000000080019b4                HAL_IncTick
 .text.HAL_GetTick
                0x00000000080019cc        0xc build/stm32f4xx_hal.o
                0x00000000080019cc                HAL_GetTick
 .text.HAL_Delay
                0x00000000080019d8       0x28 build/stm32f4xx_hal.o
                0x00000000080019d8                HAL_Delay
 .text.SystemInit
                0x0000000008001a00       0x14 build/system_stm32f4xx.o
                0x0000000008001a00                SystemInit
 .text.HAL_InitTick
                0x0000000008001a14       0x78 build/stm32f4xx_hal_timebase_tim.o
                0x0000000008001a14                HAL_InitTick
 .text.PCD_WriteEmptyTxFifo
                0x0000000008001a8c       0xd2 build/stm32f4xx_hal_pcd.o
 .text.HAL_PCD_Init
                0x0000000008001b5e      0x122 build/stm32f4xx_hal_pcd.o
                0x0000000008001b5e                HAL_PCD_Init
 .text.HAL_PCD_Start
                0x0000000008001c80       0x42 build/stm32f4xx_hal_pcd.o
                0x0000000008001c80                HAL_PCD_Start
 *fill*         0x0000000008001cc2        0x2 
 .text.PCD_EP_OutXfrComplete_int
                0x0000000008001cc4      0x104 build/stm32f4xx_hal_pcd.o
 .text.PCD_EP_OutSetupPacket_int
                0x0000000008001dc8       0x50 build/stm32f4xx_hal_pcd.o
 .text.HAL_PCD_ResumeCallback
                0x0000000008001e18        0x2 build/stm32f4xx_hal_pcd.o
                0x0000000008001e18                HAL_PCD_ResumeCallback
 .text.HAL_PCD_ISOOUTIncompleteCallback
                0x0000000008001e1a        0x2 build/stm32f4xx_hal_pcd.o
                0x0000000008001e1a                HAL_PCD_ISOOUTIncompleteCallback
 .text.HAL_PCD_ISOINIncompleteCallback
                0x0000000008001e1c        0x2 build/stm32f4xx_hal_pcd.o
                0x0000000008001e1c                HAL_PCD_ISOINIncompleteCallback
 .text.HAL_PCD_SetAddress
                0x0000000008001e1e       0x28 build/stm32f4xx_hal_pcd.o
                0x0000000008001e1e                HAL_PCD_SetAddress
 .text.HAL_PCD_EP_Open
                0x0000000008001e46       0x82 build/stm32f4xx_hal_pcd.o
                0x0000000008001e46                HAL_PCD_EP_Open
 .text.HAL_PCD_EP_Close
                0x0000000008001ec8       0x6e build/stm32f4xx_hal_pcd.o
                0x0000000008001ec8                HAL_PCD_EP_Close
 .text.HAL_PCD_EP_Receive
                0x0000000008001f36       0x5c build/stm32f4xx_hal_pcd.o
                0x0000000008001f36                HAL_PCD_EP_Receive
 .text.HAL_PCD_EP_GetRxCount
                0x0000000008001f92       0x12 build/stm32f4xx_hal_pcd.o
                0x0000000008001f92                HAL_PCD_EP_GetRxCount
 .text.HAL_PCD_EP_Transmit
                0x0000000008001fa4       0x54 build/stm32f4xx_hal_pcd.o
                0x0000000008001fa4                HAL_PCD_EP_Transmit
 .text.HAL_PCD_EP_SetStall
                0x0000000008001ff8       0x82 build/stm32f4xx_hal_pcd.o
                0x0000000008001ff8                HAL_PCD_EP_SetStall
 .text.HAL_PCD_EP_ClrStall
                0x000000000800207a       0x6e build/stm32f4xx_hal_pcd.o
                0x000000000800207a                HAL_PCD_EP_ClrStall
 .text.HAL_PCD_EP_Abort
                0x00000000080020e8       0x36 build/stm32f4xx_hal_pcd.o
                0x00000000080020e8                HAL_PCD_EP_Abort
 .text.HAL_PCD_IRQHandler
                0x000000000800211e      0x5ec build/stm32f4xx_hal_pcd.o
                0x000000000800211e                HAL_PCD_IRQHandler
 .text.HAL_PCDEx_SetTxFiFo
                0x000000000800270a       0x48 build/stm32f4xx_hal_pcd_ex.o
                0x000000000800270a                HAL_PCDEx_SetTxFiFo
 .text.HAL_PCDEx_SetRxFiFo
                0x0000000008002752        0x8 build/stm32f4xx_hal_pcd_ex.o
                0x0000000008002752                HAL_PCDEx_SetRxFiFo
 .text.HAL_PCDEx_LPM_Callback
                0x000000000800275a        0x2 build/stm32f4xx_hal_pcd_ex.o
                0x000000000800275a                HAL_PCDEx_LPM_Callback
 .text.USB_CoreReset
                0x000000000800275c       0x50 build/stm32f4xx_ll_usb.o
 .text.USB_CoreInit
                0x00000000080027ac       0x8a build/stm32f4xx_ll_usb.o
                0x00000000080027ac                USB_CoreInit
 *fill*         0x0000000008002836        0x2 
 .text.USB_SetTurnaroundTime
                0x0000000008002838       0xec build/stm32f4xx_ll_usb.o
                0x0000000008002838                USB_SetTurnaroundTime
 .text.USB_EnableGlobalInt
                0x0000000008002924        0xc build/stm32f4xx_ll_usb.o
                0x0000000008002924                USB_EnableGlobalInt
 .text.USB_DisableGlobalInt
                0x0000000008002930        0xc build/stm32f4xx_ll_usb.o
                0x0000000008002930                USB_DisableGlobalInt
 .text.USB_FlushTxFifo
                0x000000000800293c       0x50 build/stm32f4xx_ll_usb.o
                0x000000000800293c                USB_FlushTxFifo
 .text.USB_FlushRxFifo
                0x000000000800298c       0x4c build/stm32f4xx_ll_usb.o
                0x000000000800298c                USB_FlushRxFifo
 .text.USB_SetDevSpeed
                0x00000000080029d8        0xe build/stm32f4xx_ll_usb.o
                0x00000000080029d8                USB_SetDevSpeed
 *fill*         0x00000000080029e6        0x2 
 .text.USB_DevInit
                0x00000000080029e8      0x190 build/stm32f4xx_ll_usb.o
                0x00000000080029e8                USB_DevInit
 .text.USB_GetDevSpeed
                0x0000000008002b78       0x22 build/stm32f4xx_ll_usb.o
                0x0000000008002b78                USB_GetDevSpeed
 .text.USB_ActivateEndpoint
                0x0000000008002b9a       0x94 build/stm32f4xx_ll_usb.o
                0x0000000008002b9a                USB_ActivateEndpoint
 *fill*         0x0000000008002c2e        0x2 
 .text.USB_DeactivateEndpoint
                0x0000000008002c30       0xdc build/stm32f4xx_ll_usb.o
                0x0000000008002c30                USB_DeactivateEndpoint
 .text.USB_EP0StartXfer
                0x0000000008002d0c      0x120 build/stm32f4xx_ll_usb.o
                0x0000000008002d0c                USB_EP0StartXfer
 .text.USB_EPStopXfer
                0x0000000008002e2c       0xc2 build/stm32f4xx_ll_usb.o
                0x0000000008002e2c                USB_EPStopXfer
 .text.USB_WritePacket
                0x0000000008002eee       0x28 build/stm32f4xx_ll_usb.o
                0x0000000008002eee                USB_WritePacket
 *fill*         0x0000000008002f16        0x2 
 .text.USB_EPStartXfer
                0x0000000008002f18      0x21c build/stm32f4xx_ll_usb.o
                0x0000000008002f18                USB_EPStartXfer
 .text.USB_ReadPacket
                0x0000000008003134       0x4a build/stm32f4xx_ll_usb.o
                0x0000000008003134                USB_ReadPacket
 .text.USB_EPSetStall
                0x000000000800317e       0x5a build/stm32f4xx_ll_usb.o
                0x000000000800317e                USB_EPSetStall
 .text.USB_EPClearStall
                0x00000000080031d8       0x5c build/stm32f4xx_ll_usb.o
                0x00000000080031d8                USB_EPClearStall
 .text.USB_SetDevAddress
                0x0000000008003234       0x20 build/stm32f4xx_ll_usb.o
                0x0000000008003234                USB_SetDevAddress
 .text.USB_DevConnect
                0x0000000008003254       0x1c build/stm32f4xx_ll_usb.o
                0x0000000008003254                USB_DevConnect
 .text.USB_DevDisconnect
                0x0000000008003270       0x1c build/stm32f4xx_ll_usb.o
                0x0000000008003270                USB_DevDisconnect
 .text.USB_ReadInterrupts
                0x000000000800328c        0x8 build/stm32f4xx_ll_usb.o
                0x000000000800328c                USB_ReadInterrupts
 .text.USB_ReadDevAllOutEpInterrupt
                0x0000000008003294       0x10 build/stm32f4xx_ll_usb.o
                0x0000000008003294                USB_ReadDevAllOutEpInterrupt
 .text.USB_ReadDevAllInEpInterrupt
                0x00000000080032a4       0x10 build/stm32f4xx_ll_usb.o
                0x00000000080032a4                USB_ReadDevAllInEpInterrupt
 .text.USB_ReadDevOutEPInterrupt
                0x00000000080032b4       0x12 build/stm32f4xx_ll_usb.o
                0x00000000080032b4                USB_ReadDevOutEPInterrupt
 .text.USB_ReadDevInEPInterrupt
                0x00000000080032c6       0x26 build/stm32f4xx_ll_usb.o
                0x00000000080032c6                USB_ReadDevInEPInterrupt
 .text.USB_GetMode
                0x00000000080032ec        0x8 build/stm32f4xx_ll_usb.o
                0x00000000080032ec                USB_GetMode
 .text.USB_SetCurrentMode
                0x00000000080032f4       0x62 build/stm32f4xx_ll_usb.o
                0x00000000080032f4                USB_SetCurrentMode
 .text.USB_ActivateSetup
                0x0000000008003356       0x20 build/stm32f4xx_ll_usb.o
                0x0000000008003356                USB_ActivateSetup
 *fill*         0x0000000008003376        0x2 
 .text.USB_EP0_OutStart
                0x0000000008003378       0x60 build/stm32f4xx_ll_usb.o
                0x0000000008003378                USB_EP0_OutStart
 .text.CDC_DeInit_FS
                0x00000000080033d8        0x4 build/usb-cdc-device.o
                0x00000000080033d8                CDC_DeInit_FS
 .text.CDC_Control_FS
                0x00000000080033dc        0x4 build/usb-cdc-device.o
                0x00000000080033dc                CDC_Control_FS
 .text.CDC_TransmitCplt_FS
                0x00000000080033e0        0x4 build/usb-cdc-device.o
                0x00000000080033e0                CDC_TransmitCplt_FS
 .text.USBD_CDC_EP0_RxReady
                0x00000000080033e4       0x36 build/usb-cdc-device.o
                0x00000000080033e4                USBD_CDC_EP0_RxReady
 *fill*         0x000000000800341a        0x2 
 .text.USBD_CDC_GetDeviceQualifierDescriptor
                0x000000000800341c        0xc build/usb-cdc-device.o
                0x000000000800341c                USBD_CDC_GetDeviceQualifierDescriptor
 .text.USBD_FS_DeviceDescriptor
                0x0000000008003428        0xc build/usb-cdc-device.o
                0x0000000008003428                USBD_FS_DeviceDescriptor
 .text.USBD_FS_LangIDStrDescriptor
                0x0000000008003434        0xc build/usb-cdc-device.o
                0x0000000008003434                USBD_FS_LangIDStrDescriptor
 .text.USBD_CDC_RegisterInterface
                0x0000000008003440        0xe build/usb-cdc-device.o
                0x0000000008003440                USBD_CDC_RegisterInterface
 .text.USBD_CDC_SetTxBuffer
                0x000000000800344e       0x16 build/usb-cdc-device.o
                0x000000000800344e                USBD_CDC_SetTxBuffer
 .text.USBD_CDC_SetRxBuffer
                0x0000000008003464       0x12 build/usb-cdc-device.o
                0x0000000008003464                USBD_CDC_SetRxBuffer
 *fill*         0x0000000008003476        0x2 
 .text.CDC_Init_FS
                0x0000000008003478       0x28 build/usb-cdc-device.o
                0x0000000008003478                CDC_Init_FS
 .text.USBD_RegisterClass
                0x00000000080034a0       0x34 build/usb-cdc-device.o
                0x00000000080034a0                USBD_RegisterClass
 .text.USBD_Start
                0x00000000080034d4       0x1c build/usb-cdc-device.o
                0x00000000080034d4                USBD_Start
 .text.USBD_SetClassConfig
                0x00000000080034f0        0xe build/usb-cdc-device.o
                0x00000000080034f0                USBD_SetClassConfig
 .text.USBD_ClrClassConfig
                0x00000000080034fe       0x10 build/usb-cdc-device.o
                0x00000000080034fe                USBD_ClrClassConfig
 .text.USBD_LL_SetSpeed
                0x000000000800350e        0x4 build/usb-cdc-device.o
                0x000000000800350e                USBD_LL_SetSpeed
 .text.USBD_LL_Suspend
                0x0000000008003512       0x14 build/usb-cdc-device.o
                0x0000000008003512                USBD_LL_Suspend
 .text.USBD_LL_SOF
                0x0000000008003526       0x22 build/usb-cdc-device.o
                0x0000000008003526                USBD_LL_SOF
 .text.USBD_LL_DevDisconnected
                0x0000000008003548       0x20 build/usb-cdc-device.o
                0x0000000008003548                USBD_LL_DevDisconnected
 .text.USBD_CoreFindEP
                0x0000000008003568        0x4 build/usb-cdc-device.o
                0x0000000008003568                USBD_CoreFindEP
 .text.USBD_GetNextDesc
                0x000000000800356c        0xe build/usb-cdc-device.o
                0x000000000800356c                USBD_GetNextDesc
 .text.USBD_GetEpDesc
                0x000000000800357a       0x3e build/usb-cdc-device.o
                0x000000000800357a                USBD_GetEpDesc
 .text.USBD_CDC_GetFSCfgDesc
                0x00000000080035b8       0x48 build/usb-cdc-device.o
                0x00000000080035b8                USBD_CDC_GetFSCfgDesc
 .text.USBD_CDC_GetHSCfgDesc
                0x0000000008003600       0x48 build/usb-cdc-device.o
                0x0000000008003600                USBD_CDC_GetHSCfgDesc
 .text.USBD_CDC_GetOtherSpeedCfgDesc
                0x0000000008003648       0x48 build/usb-cdc-device.o
                0x0000000008003648                USBD_CDC_GetOtherSpeedCfgDesc
 .text.USBD_ParseSetupRequest
                0x0000000008003690       0x28 build/usb-cdc-device.o
                0x0000000008003690                USBD_ParseSetupRequest
 .text.USBD_GetLen
                0x00000000080036b8       0x14 build/usb-cdc-device.o
                0x00000000080036b8                USBD_GetLen
 .text.USBD_GetString
                0x00000000080036cc       0x38 build/usb-cdc-device.o
                0x00000000080036cc                USBD_GetString
 .text.USBD_FS_ProductStrDescriptor
                0x0000000008003704       0x24 build/usb-cdc-device.o
                0x0000000008003704                USBD_FS_ProductStrDescriptor
 .text.USBD_FS_ManufacturerStrDescriptor
                0x0000000008003728       0x1c build/usb-cdc-device.o
                0x0000000008003728                USBD_FS_ManufacturerStrDescriptor
 .text.USBD_FS_ConfigStrDescriptor
                0x0000000008003744       0x24 build/usb-cdc-device.o
                0x0000000008003744                USBD_FS_ConfigStrDescriptor
 .text.USBD_FS_InterfaceStrDescriptor
                0x0000000008003768       0x24 build/usb-cdc-device.o
                0x0000000008003768                USBD_FS_InterfaceStrDescriptor
 .text.HAL_PCD_MspInit
                0x000000000800378c       0x84 build/usb-cdc-device.o
                0x000000000800378c                HAL_PCD_MspInit
 .text.HAL_PCD_SOFCallback
                0x0000000008003810        0xc build/usb-cdc-device.o
                0x0000000008003810                HAL_PCD_SOFCallback
 .text.HAL_PCD_SuspendCallback
                0x000000000800381c       0x30 build/usb-cdc-device.o
                0x000000000800381c                HAL_PCD_SuspendCallback
 .text.HAL_PCD_ConnectCallback
                0x000000000800384c        0x2 build/usb-cdc-device.o
                0x000000000800384c                HAL_PCD_ConnectCallback
 .text.HAL_PCD_DisconnectCallback
                0x000000000800384e        0xc build/usb-cdc-device.o
                0x000000000800384e                HAL_PCD_DisconnectCallback
 *fill*         0x000000000800385a        0x2 
 .text.USBD_LL_Init
                0x000000000800385c       0x68 build/usb-cdc-device.o
                0x000000000800385c                USBD_LL_Init
 .text.USBD_Init
                0x00000000080038c4       0x2e build/usb-cdc-device.o
                0x00000000080038c4                USBD_Init
 *fill*         0x00000000080038f2        0x2 
 .text.usb_device_init
                0x00000000080038f4       0x38 build/usb-cdc-device.o
                0x00000000080038f4                usb_device_init
 .text.USBD_LL_OpenEP
                0x000000000800392c       0x12 build/usb-cdc-device.o
                0x000000000800392c                USBD_LL_OpenEP
 .text.USBD_LL_Reset
                0x000000000800393e       0x60 build/usb-cdc-device.o
                0x000000000800393e                USBD_LL_Reset
 .text.HAL_PCD_ResetCallback
                0x000000000800399e       0x2c build/usb-cdc-device.o
                0x000000000800399e                HAL_PCD_ResetCallback
 .text.USBD_LL_CloseEP
                0x00000000080039ca        0xc build/usb-cdc-device.o
                0x00000000080039ca                USBD_LL_CloseEP
 .text.USBD_CDC_DeInit
                0x00000000080039d6       0x44 build/usb-cdc-device.o
                0x00000000080039d6                USBD_CDC_DeInit
 .text.USBD_LL_StallEP
                0x0000000008003a1a        0xc build/usb-cdc-device.o
                0x0000000008003a1a                USBD_LL_StallEP
 .text.USBD_CtlError
                0x0000000008003a26       0x14 build/usb-cdc-device.o
                0x0000000008003a26                USBD_CtlError
 .text.USBD_LL_ClearStallEP
                0x0000000008003a3a        0xc build/usb-cdc-device.o
                0x0000000008003a3a                USBD_LL_ClearStallEP
 .text.USBD_LL_IsStallEP
                0x0000000008003a46       0x2e build/usb-cdc-device.o
                0x0000000008003a46                USBD_LL_IsStallEP
 .text.USBD_LL_SetUSBAddress
                0x0000000008003a74        0xc build/usb-cdc-device.o
                0x0000000008003a74                USBD_LL_SetUSBAddress
 .text.USBD_LL_Transmit
                0x0000000008003a80        0xc build/usb-cdc-device.o
                0x0000000008003a80                USBD_LL_Transmit
 .text.usbd_transmit
                0x0000000008003a8c       0x38 build/usb-cdc-device.o
                0x0000000008003a8c                usbd_transmit
 .text.USBD_CDC_DataIn
                0x0000000008003ac4       0x6e build/usb-cdc-device.o
                0x0000000008003ac4                USBD_CDC_DataIn
 .text.USBD_CtlSendData
                0x0000000008003b32       0x18 build/usb-cdc-device.o
                0x0000000008003b32                USBD_CtlSendData
 .text.USBD_GetConfig
                0x0000000008003b4a       0x40 build/usb-cdc-device.o
                0x0000000008003b4a                USBD_GetConfig
 .text.USBD_GetStatus
                0x0000000008003b8a       0x38 build/usb-cdc-device.o
                0x0000000008003b8a                USBD_GetStatus
 .text.USBD_CtlContinueSendData
                0x0000000008003bc2        0xe build/usb-cdc-device.o
                0x0000000008003bc2                USBD_CtlContinueSendData
 .text.USBD_CtlSendStatus
                0x0000000008003bd0       0x14 build/usb-cdc-device.o
                0x0000000008003bd0                USBD_CtlSendStatus
 .text.USBD_StdItfReq
                0x0000000008003be4       0x6e build/usb-cdc-device.o
                0x0000000008003be4                USBD_StdItfReq
 .text.USBD_StdEPReq
                0x0000000008003c52      0x238 build/usb-cdc-device.o
                0x0000000008003c52                USBD_StdEPReq
 .text.USBD_GetDescriptor
                0x0000000008003e8a      0x1ca build/usb-cdc-device.o
                0x0000000008003e8a                USBD_GetDescriptor
 .text.USBD_SetAddress
                0x0000000008004054       0x50 build/usb-cdc-device.o
                0x0000000008004054                USBD_SetAddress
 .text.USBD_SetConfig
                0x00000000080040a4       0x94 build/usb-cdc-device.o
                0x00000000080040a4                USBD_SetConfig
 .text.USBD_SetFeature
                0x0000000008004138       0x18 build/usb-cdc-device.o
                0x0000000008004138                USBD_SetFeature
 .text.USBD_ClrFeature
                0x0000000008004150       0x26 build/usb-cdc-device.o
                0x0000000008004150                USBD_ClrFeature
 .text.USBD_StdDevReq
                0x0000000008004176       0x76 build/usb-cdc-device.o
                0x0000000008004176                USBD_StdDevReq
 .text.USBD_LL_SetupStage
                0x00000000080041ec       0x58 build/usb-cdc-device.o
                0x00000000080041ec                USBD_LL_SetupStage
 .text.HAL_PCD_SetupStageCallback
                0x0000000008004244       0x10 build/usb-cdc-device.o
                0x0000000008004244                HAL_PCD_SetupStageCallback
 .text.USBD_LL_PrepareReceive
                0x0000000008004254        0xc build/usb-cdc-device.o
                0x0000000008004254                USBD_LL_PrepareReceive
 .text.USBD_CDC_ReceivePacket
                0x0000000008004260       0x32 build/usb-cdc-device.o
                0x0000000008004260                USBD_CDC_ReceivePacket
 *fill*         0x0000000008004292        0x2 
 .text.CDC_Receive_FS
                0x0000000008004294       0x6c build/usb-cdc-device.o
                0x0000000008004294                CDC_Receive_FS
 .text.USBD_CtlPrepareRx
                0x0000000008004300       0x1c build/usb-cdc-device.o
                0x0000000008004300                USBD_CtlPrepareRx
 .text.USBD_CDC_Setup
                0x000000000800431c      0x106 build/usb-cdc-device.o
                0x000000000800431c                USBD_CDC_Setup
 .text.USBD_CtlContinueRx
                0x0000000008004422       0x10 build/usb-cdc-device.o
                0x0000000008004422                USBD_CtlContinueRx
 .text.USBD_LL_DataOutStage
                0x0000000008004432       0x8c build/usb-cdc-device.o
                0x0000000008004432                USBD_LL_DataOutStage
 .text.HAL_PCD_DataOutStageCallback
                0x00000000080044be       0x18 build/usb-cdc-device.o
                0x00000000080044be                HAL_PCD_DataOutStageCallback
 .text.USBD_CtlReceiveStatus
                0x00000000080044d6       0x16 build/usb-cdc-device.o
                0x00000000080044d6                USBD_CtlReceiveStatus
 .text.USBD_LL_DataInStage
                0x00000000080044ec       0xb4 build/usb-cdc-device.o
                0x00000000080044ec                USBD_LL_DataInStage
 .text.HAL_PCD_DataInStageCallback
                0x00000000080045a0       0x16 build/usb-cdc-device.o
                0x00000000080045a0                HAL_PCD_DataInStageCallback
 .text.USBD_LL_GetRxDataSize
                0x00000000080045b6        0xc build/usb-cdc-device.o
                0x00000000080045b6                USBD_LL_GetRxDataSize
 .text.USBD_CDC_DataOut
                0x00000000080045c2       0x2a build/usb-cdc-device.o
                0x00000000080045c2                USBD_CDC_DataOut
 .text.USBD_static_malloc
                0x00000000080045ec        0x8 build/usb-cdc-device.o
                0x00000000080045ec                USBD_static_malloc
 .text.USBD_CDC_Init
                0x00000000080045f4       0xd8 build/usb-cdc-device.o
                0x00000000080045f4                USBD_CDC_Init
 .text.IntToUnicode
                0x00000000080046cc       0x36 build/usb-cdc-device.o
                0x00000000080046cc                IntToUnicode
 *fill*         0x0000000008004702        0x2 
 .text.Get_SerialNum
                0x0000000008004704       0x34 build/usb-cdc-device.o
                0x0000000008004704                Get_SerialNum
 .text.USBD_FS_SerialStrDescriptor
                0x0000000008004738       0x14 build/usb-cdc-device.o
                0x0000000008004738                USBD_FS_SerialStrDescriptor
 .text.Reset_Handler
                0x000000000800474c       0x50 build/startup_stm32f401xe.o
                0x000000000800474c                Reset_Handler
 .text.Default_Handler
                0x000000000800479c        0x2 build/startup_stm32f401xe.o
                0x000000000800479c                RTC_Alarm_IRQHandler
                0x000000000800479c                EXTI2_IRQHandler
                0x000000000800479c                SPI4_IRQHandler
                0x000000000800479c                TIM1_CC_IRQHandler
                0x000000000800479c                DMA2_Stream5_IRQHandler
                0x000000000800479c                DMA1_Stream5_IRQHandler
                0x000000000800479c                PVD_IRQHandler
                0x000000000800479c                SDIO_IRQHandler
                0x000000000800479c                TAMP_STAMP_IRQHandler
                0x000000000800479c                EXTI3_IRQHandler
                0x000000000800479c                I2C3_ER_IRQHandler
                0x000000000800479c                EXTI0_IRQHandler
                0x000000000800479c                I2C2_EV_IRQHandler
                0x000000000800479c                DMA1_Stream2_IRQHandler
                0x000000000800479c                FPU_IRQHandler
                0x000000000800479c                DMA2_Stream2_IRQHandler
                0x000000000800479c                SPI1_IRQHandler
                0x000000000800479c                TIM1_BRK_TIM9_IRQHandler
                0x000000000800479c                DMA2_Stream3_IRQHandler
                0x000000000800479c                USART6_IRQHandler
                0x000000000800479c                DMA2_Stream0_IRQHandler
                0x000000000800479c                TIM4_IRQHandler
                0x000000000800479c                I2C1_EV_IRQHandler
                0x000000000800479c                DMA1_Stream6_IRQHandler
                0x000000000800479c                DMA1_Stream1_IRQHandler
                0x000000000800479c                TIM3_IRQHandler
                0x000000000800479c                RCC_IRQHandler
                0x000000000800479c                Default_Handler
                0x000000000800479c                EXTI15_10_IRQHandler
                0x000000000800479c                ADC_IRQHandler
                0x000000000800479c                DMA1_Stream7_IRQHandler
                0x000000000800479c                TIM5_IRQHandler
                0x000000000800479c                DMA2_Stream7_IRQHandler
                0x000000000800479c                I2C3_EV_IRQHandler
                0x000000000800479c                EXTI9_5_IRQHandler
                0x000000000800479c                RTC_WKUP_IRQHandler
                0x000000000800479c                SPI2_IRQHandler
                0x000000000800479c                DMA1_Stream0_IRQHandler
                0x000000000800479c                EXTI4_IRQHandler
                0x000000000800479c                WWDG_IRQHandler
                0x000000000800479c                TIM2_IRQHandler
                0x000000000800479c                OTG_FS_WKUP_IRQHandler
                0x000000000800479c                TIM1_TRG_COM_TIM11_IRQHandler
                0x000000000800479c                EXTI1_IRQHandler
                0x000000000800479c                USART2_IRQHandler
                0x000000000800479c                I2C2_ER_IRQHandler
                0x000000000800479c                DMA2_Stream1_IRQHandler
                0x000000000800479c                FLASH_IRQHandler
                0x000000000800479c                DMA2_Stream4_IRQHandler
                0x000000000800479c                USART1_IRQHandler
                0x000000000800479c                SPI3_IRQHandler
                0x000000000800479c                DMA1_Stream4_IRQHandler
                0x000000000800479c                I2C1_ER_IRQHandler
                0x000000000800479c                DMA2_Stream6_IRQHandler
                0x000000000800479c                DMA1_Stream3_IRQHandler
 *(.glue_7)
 .glue_7        0x000000000800479e        0x0 linker stubs
 *(.glue_7t)
 .glue_7t       0x000000000800479e        0x0 linker stubs
 *(.eh_frame)
 *fill*         0x000000000800479e        0x2 
 .eh_frame      0x00000000080047a0        0x0 /usr/lib/gcc/arm-none-eabi/6.3.1/thumb/v7e-m/fpv4-sp/hard/crtbegin.o
 *(.init)
 .init          0x00000000080047a0        0x4 /usr/lib/gcc/arm-none-eabi/6.3.1/thumb/v7e-m/fpv4-sp/hard/crti.o
                0x00000000080047a0                _init
 .init          0x00000000080047a4        0x8 /usr/lib/gcc/arm-none-eabi/6.3.1/thumb/v7e-m/fpv4-sp/hard/crtn.o
 *(.fini)
 .fini          0x00000000080047ac        0x4 /usr/lib/gcc/arm-none-eabi/6.3.1/thumb/v7e-m/fpv4-sp/hard/crti.o
                0x00000000080047ac                _fini
 .fini          0x00000000080047b0        0x8 /usr/lib/gcc/arm-none-eabi/6.3.1/thumb/v7e-m/fpv4-sp/hard/crtn.o
                0x00000000080047b8                . = ALIGN (0x4)
                0x00000000080047b8                _etext = .

.vfp11_veneer   0x00000000080047b8        0x0
 .vfp11_veneer  0x00000000080047b8        0x0 linker stubs

.v4_bx          0x00000000080047b8        0x0
 .v4_bx         0x00000000080047b8        0x0 linker stubs

.iplt           0x00000000080047b8        0x0
 .iplt          0x00000000080047b8        0x0 /usr/lib/gcc/arm-none-eabi/6.3.1/thumb/v7e-m/fpv4-sp/hard/crtbegin.o

.rodata         0x00000000080047b8       0x7c
                0x00000000080047b8                . = ALIGN (0x4)
 *(.rodata)
 *(.rodata*)
 .rodata.main.str1.4
                0x00000000080047b8       0x10 build/main.o
 .rodata.AHBPrescTable
                0x00000000080047c8       0x10 build/system_stm32f4xx.o
                0x00000000080047c8                AHBPrescTable
 .rodata.APBPrescTable
                0x00000000080047d8        0x8 build/system_stm32f4xx.o
                0x00000000080047d8                APBPrescTable
 .rodata.CDC_Receive_FS.str1.4
                0x00000000080047e0        0xa build/usb-cdc-device.o
 *fill*         0x00000000080047ea        0x2 
 .rodata.USBD_FS_ConfigStrDescriptor.str1.4
                0x00000000080047ec        0xb build/usb-cdc-device.o
 *fill*         0x00000000080047f7        0x1 
 .rodata.USBD_FS_InterfaceStrDescriptor.str1.4
                0x00000000080047f8        0xe build/usb-cdc-device.o
 *fill*         0x0000000008004806        0x2 
 .rodata.USBD_FS_ManufacturerStrDescriptor.str1.4
                0x0000000008004808       0x13 build/usb-cdc-device.o
 *fill*         0x000000000800481b        0x1 
 .rodata.USBD_FS_ProductStrDescriptor.str1.4
                0x000000000800481c       0x18 build/usb-cdc-device.o
                                         0x16 (size before relaxing)
                0x0000000008004834                . = ALIGN (0x4)

.ARM.extab
 *(.ARM.extab* .gnu.linkonce.armextab.*)

.ARM            0x0000000008004834        0x8
                0x0000000008004834                __exidx_start = .
 *(.ARM.exidx*)
 .ARM.exidx     0x0000000008004834        0x8 /usr/lib/gcc/arm-none-eabi/6.3.1/thumb/v7e-m/fpv4-sp/hard/libgcc.a(_udivmoddi4.o)
                0x000000000800483c                __exidx_end = .

.rel.dyn        0x000000000800483c        0x0
 .rel.iplt      0x000000000800483c        0x0 /usr/lib/gcc/arm-none-eabi/6.3.1/thumb/v7e-m/fpv4-sp/hard/crtbegin.o

.preinit_array  0x000000000800483c        0x0
                0x000000000800483c                PROVIDE (__preinit_array_start, .)
 *(.preinit_array*)
                0x000000000800483c                PROVIDE (__preinit_array_end, .)

.init_array     0x000000000800483c        0x4
                0x000000000800483c                PROVIDE (__init_array_start, .)
 *(SORT(.init_array.*))
 *(.init_array*)
 .init_array    0x000000000800483c        0x4 /usr/lib/gcc/arm-none-eabi/6.3.1/thumb/v7e-m/fpv4-sp/hard/crtbegin.o
                0x0000000008004840                PROVIDE (__init_array_end, .)

.fini_array     0x0000000008004840        0x4
                0x0000000008004840                PROVIDE (__fini_array_start, .)
 *(SORT(.fini_array.*))
 *(.fini_array*)
 .fini_array    0x0000000008004840        0x4 /usr/lib/gcc/arm-none-eabi/6.3.1/thumb/v7e-m/fpv4-sp/hard/crtbegin.o
                0x0000000008004844                PROVIDE (__fini_array_end, .)
                0x0000000008004844                _sidata = LOADADDR (.data)

.data           0x0000000020000000       0xf8 load address 0x0000000008004844
                0x0000000020000000                . = ALIGN (0x4)
                0x0000000020000000                _sdata = .
 *(.data)
 *(.data*)
 .data.uwTickFreq
                0x0000000020000000        0x1 build/stm32f4xx_hal.o
                0x0000000020000000                uwTickFreq
 *fill*         0x0000000020000001        0x3 
 .data.uwTickPrio
                0x0000000020000004        0x4 build/stm32f4xx_hal.o
                0x0000000020000004                uwTickPrio
 .data.SystemCoreClock
                0x0000000020000008        0x4 build/system_stm32f4xx.o
                0x0000000020000008                SystemCoreClock
 .data.FS_Desc  0x000000002000000c       0x1c build/usb-cdc-device.o
                0x000000002000000c                FS_Desc
 .data.USBD_CDC
                0x0000000020000028       0x38 build/usb-cdc-device.o
                0x0000000020000028                USBD_CDC
 .data.USBD_CDC_CfgDesc
                0x0000000020000060       0x43 build/usb-cdc-device.o
                0x0000000020000060                USBD_CDC_CfgDesc
 *fill*         0x00000000200000a3        0x1 
 .data.USBD_CDC_DeviceQualifierDesc
                0x00000000200000a4        0xa build/usb-cdc-device.o
                0x00000000200000a4                USBD_CDC_DeviceQualifierDesc
 *fill*         0x00000000200000ae        0x2 
 .data.USBD_FS_DeviceDesc
                0x00000000200000b0       0x12 build/usb-cdc-device.o
                0x00000000200000b0                USBD_FS_DeviceDesc
 *fill*         0x00000000200000c2        0x2 
 .data.USBD_Interface_fops_FS
                0x00000000200000c4       0x14 build/usb-cdc-device.o
                0x00000000200000c4                USBD_Interface_fops_FS
 .data.USBD_LangIDDesc
                0x00000000200000d8        0x4 build/usb-cdc-device.o
                0x00000000200000d8                USBD_LangIDDesc
 .data.USBD_StringSerial
                0x00000000200000dc       0x1a build/usb-cdc-device.o
                0x00000000200000dc                USBD_StringSerial
                0x00000000200000f8                . = ALIGN (0x4)
 *fill*         0x00000000200000f6        0x2 
                0x00000000200000f8                _edata = .

.jcr            0x00000000200000f8        0x0 load address 0x000000000800493c
 .jcr           0x00000000200000f8        0x0 /usr/lib/gcc/arm-none-eabi/6.3.1/thumb/v7e-m/fpv4-sp/hard/crtbegin.o

.tm_clone_table
                0x00000000200000f8        0x0 load address 0x000000000800493c
 .tm_clone_table
                0x00000000200000f8        0x0 /usr/lib/gcc/arm-none-eabi/6.3.1/thumb/v7e-m/fpv4-sp/hard/crtbegin.o
 .tm_clone_table
                0x00000000200000f8        0x0 /usr/lib/gcc/arm-none-eabi/6.3.1/thumb/v7e-m/fpv4-sp/hard/crtend.o

.igot.plt       0x00000000200000f8        0x0 load address 0x000000000800493c
 .igot.plt      0x00000000200000f8        0x0 /usr/lib/gcc/arm-none-eabi/6.3.1/thumb/v7e-m/fpv4-sp/hard/crtbegin.o
                0x00000000200000f8                . = ALIGN (0x4)

.bss            0x00000000200000f8     0x1cec load address 0x000000000800493c
                0x00000000200000f8                _sbss = .
                0x00000000200000f8                __bss_start__ = _sbss
 *(.bss)
 .bss           0x00000000200000f8       0x1c /usr/lib/gcc/arm-none-eabi/6.3.1/thumb/v7e-m/fpv4-sp/hard/crtbegin.o
 *(.bss*)
 .bss.mem.10778
                0x0000000020000114      0x220 build/usb-cdc-device.o
 *(COMMON)
 COMMON         0x0000000020000334      0x590 build/main.o
                0x0000000020000334                hpcd_USB_OTG_FS
                0x0000000020000840                cdc_buffer
                0x0000000020000880                huart2
 COMMON         0x00000000200008c4        0x4 build/stm32f4xx_hal.o
                0x00000000200008c4                uwTick
 COMMON         0x00000000200008c8       0x48 build/stm32f4xx_hal_timebase_tim.o
                0x00000000200008c8                htim1
 COMMON         0x0000000020000910     0x14d4 build/usb-cdc-device.o
                0x0000000020000910                hUsbDeviceFS
                0x0000000020000be4                UserRxBufferFS
                0x00000000200013e4                UserTxBufferFS
                0x0000000020001be4                USBD_StrDesc
                0x0000000020001de4                . = ALIGN (0x4)
                0x0000000020001de4                _ebss = .
                0x0000000020001de4                __bss_end__ = _ebss

._user_heap_stack
                0x0000000020001de4      0x604 load address 0x000000000800493c
                0x0000000020001de8                . = ALIGN (0x8)
 *fill*         0x0000000020001de4        0x4 
                0x0000000020001de8                PROVIDE (end, .)
                [!provide]                        PROVIDE (_end, .)
                0x0000000020001fe8                . = (. + _Min_Heap_Size)
 *fill*         0x0000000020001de8      0x200 
                0x00000000200023e8                . = (. + _Min_Stack_Size)
 *fill*         0x0000000020001fe8      0x400 
                0x00000000200023e8                . = ALIGN (0x8)

/DISCARD/
 libc.a(*)
 libm.a(*)
 libgcc.a(*)

.ARM.attributes
                0x0000000000000000       0x30
 *(.ARM.attributes)
 .ARM.attributes
                0x0000000000000000       0x22 /usr/lib/gcc/arm-none-eabi/6.3.1/thumb/v7e-m/fpv4-sp/hard/crti.o
 .ARM.attributes
                0x0000000000000022       0x34 /usr/lib/gcc/arm-none-eabi/6.3.1/thumb/v7e-m/fpv4-sp/hard/crtbegin.o
 .ARM.attributes
                0x0000000000000056       0x39 build/main.o
 .ARM.attributes
                0x000000000000008f       0x39 build/stm32f4xx_it.o
 .ARM.attributes
                0x00000000000000c8       0x39 build/stm32f4xx_hal_msp.o
 .ARM.attributes
                0x0000000000000101       0x39 build/stm32f4xx_hal_tim.o
 .ARM.attributes
                0x000000000000013a       0x39 build/stm32f4xx_hal_tim_ex.o
 .ARM.attributes
                0x0000000000000173       0x39 build/stm32f4xx_hal_uart.o
 .ARM.attributes
                0x00000000000001ac       0x39 build/stm32f4xx_hal_rcc.o
 .ARM.attributes
                0x00000000000001e5       0x39 build/stm32f4xx_hal_gpio.o
 .ARM.attributes
                0x000000000000021e       0x39 build/stm32f4xx_hal_cortex.o
 .ARM.attributes
                0x0000000000000257       0x39 build/stm32f4xx_hal.o
 .ARM.attributes
                0x0000000000000290       0x39 build/system_stm32f4xx.o
 .ARM.attributes
                0x00000000000002c9       0x39 build/stm32f4xx_hal_timebase_tim.o
 .ARM.attributes
                0x0000000000000302       0x39 build/stm32f4xx_hal_pcd.o
 .ARM.attributes
                0x000000000000033b       0x39 build/stm32f4xx_hal_pcd_ex.o
 .ARM.attributes
                0x0000000000000374       0x39 build/stm32f4xx_ll_usb.o
 .ARM.attributes
                0x00000000000003ad       0x39 build/usb-cdc-device.o
 .ARM.attributes
                0x00000000000003e6       0x21 build/startup_stm32f401xe.o
 .ARM.attributes
                0x0000000000000407       0x34 /usr/lib/gcc/arm-none-eabi/6.3.1/../../../arm-none-eabi/lib/thumb/v7e-m/fpv4-sp/hard/libc_nano.a(lib_a-init.o)
 .ARM.attributes
                0x000000000000043b       0x20 /usr/lib/gcc/arm-none-eabi/6.3.1/../../../arm-none-eabi/lib/thumb/v7e-m/fpv4-sp/hard/libc_nano.a(lib_a-memcpy.o)
 .ARM.attributes
                0x000000000000045b       0x34 /usr/lib/gcc/arm-none-eabi/6.3.1/../../../arm-none-eabi/lib/thumb/v7e-m/fpv4-sp/hard/libc_nano.a(lib_a-memset.o)
 .ARM.attributes
                0x000000000000048f       0x20 /usr/lib/gcc/arm-none-eabi/6.3.1/../../../arm-none-eabi/lib/thumb/v7e-m/fpv4-sp/hard/libc_nano.a(lib_a-strlen.o)
 .ARM.attributes
                0x00000000000004af       0x22 /usr/lib/gcc/arm-none-eabi/6.3.1/thumb/v7e-m/fpv4-sp/hard/libgcc.a(_aeabi_uldivmod.o)
 .ARM.attributes
                0x00000000000004d1       0x34 /usr/lib/gcc/arm-none-eabi/6.3.1/thumb/v7e-m/fpv4-sp/hard/libgcc.a(_udivmoddi4.o)
 .ARM.attributes
                0x0000000000000505       0x22 /usr/lib/gcc/arm-none-eabi/6.3.1/thumb/v7e-m/fpv4-sp/hard/libgcc.a(_dvmd_tls.o)
 .ARM.attributes
                0x0000000000000527       0x34 /usr/lib/gcc/arm-none-eabi/6.3.1/thumb/v7e-m/fpv4-sp/hard/crtend.o
 .ARM.attributes
                0x000000000000055b       0x22 /usr/lib/gcc/arm-none-eabi/6.3.1/thumb/v7e-m/fpv4-sp/hard/crtn.o
OUTPUT(build/embedded-console.elf elf32-littlearm)

.comment        0x0000000000000000       0x31
 .comment       0x0000000000000000       0x31 /usr/lib/gcc/arm-none-eabi/6.3.1/thumb/v7e-m/fpv4-sp/hard/crtbegin.o
                                         0x32 (size before relaxing)
 .comment       0x0000000000000031       0x32 build/main.o
 .comment       0x0000000000000031       0x32 build/stm32f4xx_it.o
 .comment       0x0000000000000031       0x32 build/stm32f4xx_hal_msp.o
 .comment       0x0000000000000031       0x32 build/stm32f4xx_hal_tim.o
 .comment       0x0000000000000031       0x32 build/stm32f4xx_hal_tim_ex.o
 .comment       0x0000000000000031       0x32 build/stm32f4xx_hal_uart.o
 .comment       0x0000000000000031       0x32 build/stm32f4xx_hal_rcc.o
 .comment       0x0000000000000031       0x32 build/stm32f4xx_hal_gpio.o
 .comment       0x0000000000000031       0x32 build/stm32f4xx_hal_cortex.o
 .comment       0x0000000000000031       0x32 build/stm32f4xx_hal.o
 .comment       0x0000000000000031       0x32 build/system_stm32f4xx.o
 .comment       0x0000000000000031       0x32 build/stm32f4xx_hal_timebase_tim.o
 .comment       0x0000000000000031       0x32 build/stm32f4xx_hal_pcd.o
 .comment       0x0000000000000031       0x32 build/stm32f4xx_hal_pcd_ex.o
 .comment       0x0000000000000031       0x32 build/stm32f4xx_ll_usb.o
 .comment       0x0000000000000031       0x32 build/usb-cdc-device.o
 .comment       0x0000000000000031       0x32 /usr/lib/gcc/arm-none-eabi/6.3.1/../../../arm-none-eabi/lib/thumb/v7e-m/fpv4-sp/hard/libc_nano.a(lib_a-init.o)
 .comment       0x0000000000000031       0x32 /usr/lib/gcc/arm-none-eabi/6.3.1/../../../arm-none-eabi/lib/thumb/v7e-m/fpv4-sp/hard/libc_nano.a(lib_a-memset.o)
 .comment       0x0000000000000031       0x32 /usr/lib/gcc/arm-none-eabi/6.3.1/thumb/v7e-m/fpv4-sp/hard/libgcc.a(_udivmoddi4.o)
 .comment       0x0000000000000031       0x32 /usr/lib/gcc/arm-none-eabi/6.3.1/thumb/v7e-m/fpv4-sp/hard/crtend.o

.debug_info     0x0000000000000000    0x1c087
 .debug_info    0x0000000000000000     0x2ac1 build/main.o
 .debug_info    0x0000000000002ac1      0xd63 build/stm32f4xx_it.o
 .debug_info    0x0000000000003824      0xaf6 build/stm32f4xx_hal_msp.o
 .debug_info    0x000000000000431a     0x3a58 build/stm32f4xx_hal_tim.o
 .debug_info    0x0000000000007d72     0x1a16 build/stm32f4xx_hal_tim_ex.o
 .debug_info    0x0000000000009788     0x3acd build/stm32f4xx_hal_uart.o
 .debug_info    0x000000000000d255      0xba4 build/stm32f4xx_hal_rcc.o
 .debug_info    0x000000000000ddf9      0x89d build/stm32f4xx_hal_gpio.o
 .debug_info    0x000000000000e696      0xfe0 build/stm32f4xx_hal_cortex.o
 .debug_info    0x000000000000f676      0xa63 build/stm32f4xx_hal.o
 .debug_info    0x00000000000100d9      0x60e build/system_stm32f4xx.o
 .debug_info    0x00000000000106e7      0xd28 build/stm32f4xx_hal_timebase_tim.o
 .debug_info    0x000000000001140f     0x1b68 build/stm32f4xx_hal_pcd.o
 .debug_info    0x0000000000012f77      0x80e build/stm32f4xx_hal_pcd_ex.o
 .debug_info    0x0000000000013785     0x1e22 build/stm32f4xx_ll_usb.o
 .debug_info    0x00000000000155a7     0x50ce build/usb-cdc-device.o
 .debug_info    0x000000000001a675       0x65 build/startup_stm32f401xe.o
 .debug_info    0x000000000001a6da      0x110 /usr/lib/gcc/arm-none-eabi/6.3.1/../../../arm-none-eabi/lib/thumb/v7e-m/fpv4-sp/hard/libc_nano.a(lib_a-init.o)
 .debug_info    0x000000000001a7ea       0xe1 /usr/lib/gcc/arm-none-eabi/6.3.1/../../../arm-none-eabi/lib/thumb/v7e-m/fpv4-sp/hard/libc_nano.a(lib_a-memcpy.o)
 .debug_info    0x000000000001a8cb      0x916 /usr/lib/gcc/arm-none-eabi/6.3.1/../../../arm-none-eabi/lib/thumb/v7e-m/fpv4-sp/hard/libc_nano.a(lib_a-memset.o)
 .debug_info    0x000000000001b1e1       0xe0 /usr/lib/gcc/arm-none-eabi/6.3.1/../../../arm-none-eabi/lib/thumb/v7e-m/fpv4-sp/hard/libc_nano.a(lib_a-strlen.o)
 .debug_info    0x000000000001b2c1       0xcf /usr/lib/gcc/arm-none-eabi/6.3.1/thumb/v7e-m/fpv4-sp/hard/libgcc.a(_aeabi_uldivmod.o)
 .debug_info    0x000000000001b390      0xc24 /usr/lib/gcc/arm-none-eabi/6.3.1/thumb/v7e-m/fpv4-sp/hard/libgcc.a(_udivmoddi4.o)
 .debug_info    0x000000000001bfb4       0xd3 /usr/lib/gcc/arm-none-eabi/6.3.1/thumb/v7e-m/fpv4-sp/hard/libgcc.a(_dvmd_tls.o)

.debug_abbrev   0x0000000000000000     0x2c66
 .debug_abbrev  0x0000000000000000      0x357 build/main.o
 .debug_abbrev  0x0000000000000357      0x19d build/stm32f4xx_it.o
 .debug_abbrev  0x00000000000004f4      0x1a3 build/stm32f4xx_hal_msp.o
 .debug_abbrev  0x0000000000000697      0x28e build/stm32f4xx_hal_tim.o
 .debug_abbrev  0x0000000000000925      0x287 build/stm32f4xx_hal_tim_ex.o
 .debug_abbrev  0x0000000000000bac      0x362 build/stm32f4xx_hal_uart.o
 .debug_abbrev  0x0000000000000f0e      0x28b build/stm32f4xx_hal_rcc.o
 .debug_abbrev  0x0000000000001199      0x21a build/stm32f4xx_hal_gpio.o
 .debug_abbrev  0x00000000000013b3      0x33b build/stm32f4xx_hal_cortex.o
 .debug_abbrev  0x00000000000016ee      0x216 build/stm32f4xx_hal.o
 .debug_abbrev  0x0000000000001904      0x128 build/system_stm32f4xx.o
 .debug_abbrev  0x0000000000001a2c      0x1fb build/stm32f4xx_hal_timebase_tim.o
 .debug_abbrev  0x0000000000001c27      0x2b8 build/stm32f4xx_hal_pcd.o
 .debug_abbrev  0x0000000000001edf      0x1bd build/stm32f4xx_hal_pcd_ex.o
 .debug_abbrev  0x000000000000209c      0x2d7 build/stm32f4xx_ll_usb.o
 .debug_abbrev  0x0000000000002373      0x4b4 build/usb-cdc-device.o
 .debug_abbrev  0x0000000000002827       0x12 build/startup_stm32f401xe.o
 .debug_abbrev  0x0000000000002839       0xba /usr/lib/gcc/arm-none-eabi/6.3.1/../../../arm-none-eabi/lib/thumb/v7e-m/fpv4-sp/hard/libc_nano.a(lib_a-init.o)
 .debug_abbrev  0x00000000000028f3       0x14 /usr/lib/gcc/arm-none-eabi/6.3.1/../../../arm-none-eabi/lib/thumb/v7e-m/fpv4-sp/hard/libc_nano.a(lib_a-memcpy.o)
 .debug_abbrev  0x0000000000002907      0x197 /usr/lib/gcc/arm-none-eabi/6.3.1/../../../arm-none-eabi/lib/thumb/v7e-m/fpv4-sp/hard/libc_nano.a(lib_a-memset.o)
 .debug_abbrev  0x0000000000002a9e       0x14 /usr/lib/gcc/arm-none-eabi/6.3.1/../../../arm-none-eabi/lib/thumb/v7e-m/fpv4-sp/hard/libc_nano.a(lib_a-strlen.o)
 .debug_abbrev  0x0000000000002ab2       0x14 /usr/lib/gcc/arm-none-eabi/6.3.1/thumb/v7e-m/fpv4-sp/hard/libgcc.a(_aeabi_uldivmod.o)
 .debug_abbrev  0x0000000000002ac6      0x18c /usr/lib/gcc/arm-none-eabi/6.3.1/thumb/v7e-m/fpv4-sp/hard/libgcc.a(_udivmoddi4.o)
 .debug_abbrev  0x0000000000002c52       0x14 /usr/lib/gcc/arm-none-eabi/6.3.1/thumb/v7e-m/fpv4-sp/hard/libgcc.a(_dvmd_tls.o)

.debug_loc      0x0000000000000000    0x15341
 .debug_loc     0x0000000000000000      0x125 build/main.o
 .debug_loc     0x0000000000000125       0x40 build/stm32f4xx_it.o
 .debug_loc     0x0000000000000165      0x110 build/stm32f4xx_hal_msp.o
 .debug_loc     0x0000000000000275     0x5731 build/stm32f4xx_hal_tim.o
 .debug_loc     0x00000000000059a6     0x2082 build/stm32f4xx_hal_tim_ex.o
 .debug_loc     0x0000000000007a28     0x390c build/stm32f4xx_hal_uart.o
 .debug_loc     0x000000000000b334      0x55c build/stm32f4xx_hal_rcc.o
 .debug_loc     0x000000000000b890      0x503 build/stm32f4xx_hal_gpio.o
 .debug_loc     0x000000000000bd93      0x6a6 build/stm32f4xx_hal_cortex.o
 .debug_loc     0x000000000000c439      0x1ad build/stm32f4xx_hal.o
 .debug_loc     0x000000000000c5e6      0x13e build/system_stm32f4xx.o
 .debug_loc     0x000000000000c724       0xae build/stm32f4xx_hal_timebase_tim.o
 .debug_loc     0x000000000000c7d2     0x1355 build/stm32f4xx_hal_pcd.o
 .debug_loc     0x000000000000db27       0xd7 build/stm32f4xx_hal_pcd_ex.o
 .debug_loc     0x000000000000dbfe     0x261c build/stm32f4xx_ll_usb.o
 .debug_loc     0x000000000001021a     0x4145 build/usb-cdc-device.o
 .debug_loc     0x000000000001435f       0xae /usr/lib/gcc/arm-none-eabi/6.3.1/../../../arm-none-eabi/lib/thumb/v7e-m/fpv4-sp/hard/libc_nano.a(lib_a-init.o)
 .debug_loc     0x000000000001440d      0x1bd /usr/lib/gcc/arm-none-eabi/6.3.1/../../../arm-none-eabi/lib/thumb/v7e-m/fpv4-sp/hard/libc_nano.a(lib_a-memset.o)
 .debug_loc     0x00000000000145ca      0xd77 /usr/lib/gcc/arm-none-eabi/6.3.1/thumb/v7e-m/fpv4-sp/hard/libgcc.a(_udivmoddi4.o)

.debug_aranges  0x0000000000000000     0x1258
 .debug_aranges
                0x0000000000000000       0x48 build/main.o
 .debug_aranges
                0x0000000000000048       0x70 build/stm32f4xx_it.o
 .debug_aranges
                0x00000000000000b8       0x30 build/stm32f4xx_hal_msp.o
 .debug_aranges
                0x00000000000000e8      0x3d0 build/stm32f4xx_hal_tim.o
 .debug_aranges
                0x00000000000004b8      0x168 build/stm32f4xx_hal_tim_ex.o
 .debug_aranges
                0x0000000000000620      0x200 build/stm32f4xx_hal_uart.o
 .debug_aranges
                0x0000000000000820       0x88 build/stm32f4xx_hal_rcc.o
 .debug_aranges
                0x00000000000008a8       0x58 build/stm32f4xx_hal_gpio.o
 .debug_aranges
                0x0000000000000900       0xa8 build/stm32f4xx_hal_cortex.o
 .debug_aranges
                0x00000000000009a8       0xf0 build/stm32f4xx_hal.o
 .debug_aranges
                0x0000000000000a98       0x28 build/system_stm32f4xx.o
 .debug_aranges
                0x0000000000000ac0       0x30 build/stm32f4xx_hal_timebase_tim.o
 .debug_aranges
                0x0000000000000af0      0x148 build/stm32f4xx_hal_pcd.o
 .debug_aranges
                0x0000000000000c38       0x38 build/stm32f4xx_hal_pcd_ex.o
 .debug_aranges
                0x0000000000000c70      0x1a0 build/stm32f4xx_ll_usb.o
 .debug_aranges
                0x0000000000000e10      0x340 build/usb-cdc-device.o
 .debug_aranges
                0x0000000000001150       0x28 build/startup_stm32f401xe.o
 .debug_aranges
                0x0000000000001178       0x20 /usr/lib/gcc/arm-none-eabi/6.3.1/../../../arm-none-eabi/lib/thumb/v7e-m/fpv4-sp/hard/libc_nano.a(lib_a-init.o)
 .debug_aranges
                0x0000000000001198       0x20 /usr/lib/gcc/arm-none-eabi/6.3.1/../../../arm-none-eabi/lib/thumb/v7e-m/fpv4-sp/hard/libc_nano.a(lib_a-memcpy.o)
 .debug_aranges
                0x00000000000011b8       0x20 /usr/lib/gcc/arm-none-eabi/6.3.1/../../../arm-none-eabi/lib/thumb/v7e-m/fpv4-sp/hard/libc_nano.a(lib_a-memset.o)
 .debug_aranges
                0x00000000000011d8       0x20 /usr/lib/gcc/arm-none-eabi/6.3.1/../../../arm-none-eabi/lib/thumb/v7e-m/fpv4-sp/hard/libc_nano.a(lib_a-strlen.o)
 .debug_aranges
                0x00000000000011f8       0x20 /usr/lib/gcc/arm-none-eabi/6.3.1/thumb/v7e-m/fpv4-sp/hard/libgcc.a(_aeabi_uldivmod.o)
 .debug_aranges
                0x0000000000001218       0x20 /usr/lib/gcc/arm-none-eabi/6.3.1/thumb/v7e-m/fpv4-sp/hard/libgcc.a(_udivmoddi4.o)
 .debug_aranges
                0x0000000000001238       0x20 /usr/lib/gcc/arm-none-eabi/6.3.1/thumb/v7e-m/fpv4-sp/hard/libgcc.a(_dvmd_tls.o)

.debug_ranges   0x0000000000000000     0x11d0
 .debug_ranges  0x0000000000000000       0x38 build/main.o
 .debug_ranges  0x0000000000000038       0x60 build/stm32f4xx_it.o
 .debug_ranges  0x0000000000000098       0x20 build/stm32f4xx_hal_msp.o
 .debug_ranges  0x00000000000000b8      0x3c0 build/stm32f4xx_hal_tim.o
 .debug_ranges  0x0000000000000478      0x158 build/stm32f4xx_hal_tim_ex.o
 .debug_ranges  0x00000000000005d0      0x208 build/stm32f4xx_hal_uart.o
 .debug_ranges  0x00000000000007d8       0x90 build/stm32f4xx_hal_rcc.o
 .debug_ranges  0x0000000000000868       0x48 build/stm32f4xx_hal_gpio.o
 .debug_ranges  0x00000000000008b0       0xf8 build/stm32f4xx_hal_cortex.o
 .debug_ranges  0x00000000000009a8       0xe0 build/stm32f4xx_hal.o
 .debug_ranges  0x0000000000000a88       0x18 build/system_stm32f4xx.o
 .debug_ranges  0x0000000000000aa0       0x20 build/stm32f4xx_hal_timebase_tim.o
 .debug_ranges  0x0000000000000ac0      0x138 build/stm32f4xx_hal_pcd.o
 .debug_ranges  0x0000000000000bf8       0x28 build/stm32f4xx_hal_pcd_ex.o
 .debug_ranges  0x0000000000000c20      0x190 build/stm32f4xx_ll_usb.o
 .debug_ranges  0x0000000000000db0      0x330 build/usb-cdc-device.o
 .debug_ranges  0x00000000000010e0       0x20 build/startup_stm32f401xe.o
 .debug_ranges  0x0000000000001100       0xd0 /usr/lib/gcc/arm-none-eabi/6.3.1/thumb/v7e-m/fpv4-sp/hard/libgcc.a(_udivmoddi4.o)

.debug_line     0x0000000000000000     0x86c2
 .debug_line    0x0000000000000000      0x3b0 build/main.o
 .debug_line    0x00000000000003b0      0x25b build/stm32f4xx_it.o
 .debug_line    0x000000000000060b      0x1f8 build/stm32f4xx_hal_msp.o
 .debug_line    0x0000000000000803     0x1e85 build/stm32f4xx_hal_tim.o
 .debug_line    0x0000000000002688      0xde7 build/stm32f4xx_hal_tim_ex.o
 .debug_line    0x000000000000346f     0x1702 build/stm32f4xx_hal_uart.o
 .debug_line    0x0000000000004b71      0x43f build/stm32f4xx_hal_rcc.o
 .debug_line    0x0000000000004fb0      0x2ef build/stm32f4xx_hal_gpio.o
 .debug_line    0x000000000000529f      0x3b6 build/stm32f4xx_hal_cortex.o
 .debug_line    0x0000000000005655      0x388 build/stm32f4xx_hal.o
 .debug_line    0x00000000000059dd      0x174 build/system_stm32f4xx.o
 .debug_line    0x0000000000005b51      0x1fa build/stm32f4xx_hal_timebase_tim.o
 .debug_line    0x0000000000005d4b      0x826 build/stm32f4xx_hal_pcd.o
 .debug_line    0x0000000000006571      0x1f6 build/stm32f4xx_hal_pcd_ex.o
 .debug_line    0x0000000000006767      0x939 build/stm32f4xx_ll_usb.o
 .debug_line    0x00000000000070a0      0xed9 build/usb-cdc-device.o
 .debug_line    0x0000000000007f79       0x76 build/startup_stm32f401xe.o
 .debug_line    0x0000000000007fef       0xbe /usr/lib/gcc/arm-none-eabi/6.3.1/../../../arm-none-eabi/lib/thumb/v7e-m/fpv4-sp/hard/libc_nano.a(lib_a-init.o)
 .debug_line    0x00000000000080ad       0xc1 /usr/lib/gcc/arm-none-eabi/6.3.1/../../../arm-none-eabi/lib/thumb/v7e-m/fpv4-sp/hard/libc_nano.a(lib_a-memcpy.o)
 .debug_line    0x000000000000816e      0x17c /usr/lib/gcc/arm-none-eabi/6.3.1/../../../arm-none-eabi/lib/thumb/v7e-m/fpv4-sp/hard/libc_nano.a(lib_a-memset.o)
 .debug_line    0x00000000000082ea       0xb2 /usr/lib/gcc/arm-none-eabi/6.3.1/../../../arm-none-eabi/lib/thumb/v7e-m/fpv4-sp/hard/libc_nano.a(lib_a-strlen.o)
 .debug_line    0x000000000000839c       0x67 /usr/lib/gcc/arm-none-eabi/6.3.1/thumb/v7e-m/fpv4-sp/hard/libgcc.a(_aeabi_uldivmod.o)
 .debug_line    0x0000000000008403      0x258 /usr/lib/gcc/arm-none-eabi/6.3.1/thumb/v7e-m/fpv4-sp/hard/libgcc.a(_udivmoddi4.o)
 .debug_line    0x000000000000865b       0x67 /usr/lib/gcc/arm-none-eabi/6.3.1/thumb/v7e-m/fpv4-sp/hard/libgcc.a(_dvmd_tls.o)

.debug_str      0x0000000000000000     0x6735
 .debug_str     0x0000000000000000     0x1689 build/main.o
                                       0x1846 (size before relaxing)
 .debug_str     0x0000000000001689       0xff build/stm32f4xx_it.o
                                        0xbdf (size before relaxing)
 .debug_str     0x0000000000001788       0x80 build/stm32f4xx_hal_msp.o
                                        0x87f (size before relaxing)
 .debug_str     0x0000000000001808      0xf0c build/stm32f4xx_hal_tim.o
                                       0x1769 (size before relaxing)
 .debug_str     0x0000000000002714      0x591 build/stm32f4xx_hal_tim_ex.o
                                        0xf6a (size before relaxing)
 .debug_str     0x0000000000002ca5      0x663 build/stm32f4xx_hal_uart.o
                                        0xde6 (size before relaxing)
 .debug_str     0x0000000000003308      0x191 build/stm32f4xx_hal_rcc.o
                                        0x76e (size before relaxing)
 .debug_str     0x0000000000003499      0x125 build/stm32f4xx_hal_gpio.o
                                        0x590 (size before relaxing)
 .debug_str     0x00000000000035be      0x86f build/stm32f4xx_hal_cortex.o
                                        0xb56 (size before relaxing)
 .debug_str     0x0000000000003e2d      0x21f build/stm32f4xx_hal.o
                                        0xa29 (size before relaxing)
 .debug_str     0x000000000000404c       0x47 build/system_stm32f4xx.o
                                        0x3f9 (size before relaxing)
 .debug_str     0x0000000000004093       0x4c build/stm32f4xx_hal_timebase_tim.o
                                        0xda0 (size before relaxing)
 .debug_str     0x00000000000040df      0x7e2 build/stm32f4xx_hal_pcd.o
                                        0xe60 (size before relaxing)
 .debug_str     0x00000000000048c1      0x14d build/stm32f4xx_hal_pcd_ex.o
                                        0x7c4 (size before relaxing)
 .debug_str     0x0000000000004a0e      0x449 build/stm32f4xx_ll_usb.o
                                        0xd3d (size before relaxing)
 .debug_str     0x0000000000004e57      0xa02 build/usb-cdc-device.o
                                       0x2073 (size before relaxing)
 .debug_str     0x0000000000005859      0x1a9 /usr/lib/gcc/arm-none-eabi/6.3.1/../../../arm-none-eabi/lib/thumb/v7e-m/fpv4-sp/hard/libc_nano.a(lib_a-init.o)
                                        0x253 (size before relaxing)
 .debug_str     0x0000000000005a02      0x12d /usr/lib/gcc/arm-none-eabi/6.3.1/../../../arm-none-eabi/lib/thumb/v7e-m/fpv4-sp/hard/libc_nano.a(lib_a-memset.o)
                                        0x61a (size before relaxing)
 .debug_str     0x0000000000005b2f      0xc06 /usr/lib/gcc/arm-none-eabi/6.3.1/thumb/v7e-m/fpv4-sp/hard/libgcc.a(_udivmoddi4.o)
                                        0xcf4 (size before relaxing)

.debug_frame    0x0000000000000000     0x360c
 .debug_frame   0x0000000000000000       0xc8 build/main.o
 .debug_frame   0x00000000000000c8       0xd8 build/stm32f4xx_it.o
 .debug_frame   0x00000000000001a0       0x68 build/stm32f4xx_hal_msp.o
 .debug_frame   0x0000000000000208      0xcb8 build/stm32f4xx_hal_tim.o
 .debug_frame   0x0000000000000ec0      0x4e8 build/stm32f4xx_hal_tim_ex.o
 .debug_frame   0x00000000000013a8      0x664 build/stm32f4xx_hal_uart.o
 .debug_frame   0x0000000000001a0c      0x1ac build/stm32f4xx_hal_rcc.o
 .debug_frame   0x0000000000001bb8       0xf0 build/stm32f4xx_hal_gpio.o
 .debug_frame   0x0000000000001ca8      0x16c build/stm32f4xx_hal_cortex.o
 .debug_frame   0x0000000000001e14      0x200 build/stm32f4xx_hal.o
 .debug_frame   0x0000000000002014       0x30 build/system_stm32f4xx.o
 .debug_frame   0x0000000000002044       0x54 build/stm32f4xx_hal_timebase_tim.o
 .debug_frame   0x0000000000002098      0x3f4 build/stm32f4xx_hal_pcd.o
 .debug_frame   0x000000000000248c       0x60 build/stm32f4xx_hal_pcd_ex.o
 .debug_frame   0x00000000000024ec      0x568 build/stm32f4xx_ll_usb.o
 .debug_frame   0x0000000000002a54      0xaf8 build/usb-cdc-device.o
 .debug_frame   0x000000000000354c       0x2c /usr/lib/gcc/arm-none-eabi/6.3.1/../../../arm-none-eabi/lib/thumb/v7e-m/fpv4-sp/hard/libc_nano.a(lib_a-init.o)
 .debug_frame   0x0000000000003578       0x34 /usr/lib/gcc/arm-none-eabi/6.3.1/../../../arm-none-eabi/lib/thumb/v7e-m/fpv4-sp/hard/libc_nano.a(lib_a-memset.o)
 .debug_frame   0x00000000000035ac       0x2c /usr/lib/gcc/arm-none-eabi/6.3.1/thumb/v7e-m/fpv4-sp/hard/libgcc.a(_aeabi_uldivmod.o)
 .debug_frame   0x00000000000035d8       0x34 /usr/lib/gcc/arm-none-eabi/6.3.1/thumb/v7e-m/fpv4-sp/hard/libgcc.a(_udivmoddi4.o)

Cross Reference Table

Symbol                                            File
ADC_IRQHandler                                    build/startup_stm32f401xe.o
AHBPrescTable                                     build/system_stm32f4xx.o
                                                  build/stm32f4xx_hal_rcc.o
APBPrescTable                                     build/system_stm32f4xx.o
                                                  build/stm32f4xx_hal_rcc.o
BusFault_Handler                                  build/stm32f4xx_it.o
CDC_Control_FS                                    build/usb-cdc-device.o
CDC_DeInit_FS                                     build/usb-cdc-device.o
CDC_Init_FS                                       build/usb-cdc-device.o
CDC_Receive_FS                                    build/usb-cdc-device.o
CDC_TransmitCplt_FS                               build/usb-cdc-device.o
DMA1_Stream0_IRQHandler                           build/startup_stm32f401xe.o
DMA1_Stream1_IRQHandler                           build/startup_stm32f401xe.o
DMA1_Stream2_IRQHandler                           build/startup_stm32f401xe.o
DMA1_Stream3_IRQHandler                           build/startup_stm32f401xe.o
DMA1_Stream4_IRQHandler                           build/startup_stm32f401xe.o
DMA1_Stream5_IRQHandler                           build/startup_stm32f401xe.o
DMA1_Stream6_IRQHandler                           build/startup_stm32f401xe.o
DMA1_Stream7_IRQHandler                           build/startup_stm32f401xe.o
DMA2_Stream0_IRQHandler                           build/startup_stm32f401xe.o
DMA2_Stream1_IRQHandler                           build/startup_stm32f401xe.o
DMA2_Stream2_IRQHandler                           build/startup_stm32f401xe.o
DMA2_Stream3_IRQHandler                           build/startup_stm32f401xe.o
DMA2_Stream4_IRQHandler                           build/startup_stm32f401xe.o
DMA2_Stream5_IRQHandler                           build/startup_stm32f401xe.o
DMA2_Stream6_IRQHandler                           build/startup_stm32f401xe.o
DMA2_Stream7_IRQHandler                           build/startup_stm32f401xe.o
DebugMon_Handler                                  build/stm32f4xx_it.o
Default_Handler                                   build/startup_stm32f401xe.o
EXTI0_IRQHandler                                  build/startup_stm32f401xe.o
EXTI15_10_IRQHandler                              build/startup_stm32f401xe.o
EXTI1_IRQHandler                                  build/startup_stm32f401xe.o
EXTI2_IRQHandler                                  build/startup_stm32f401xe.o
EXTI3_IRQHandler                                  build/startup_stm32f401xe.o
EXTI4_IRQHandler                                  build/startup_stm32f401xe.o
EXTI9_5_IRQHandler                                build/startup_stm32f401xe.o
Error_Handler                                     build/main.o
                                                  build/usb-cdc-device.o
FLASH_Erase_Sector                                build/stm32f4xx_hal_flash_ex.o
                                                  build/stm32f4xx_hal_flash.o
FLASH_FlushCaches                                 build/stm32f4xx_hal_flash_ex.o
                                                  build/stm32f4xx_hal_flash.o
FLASH_IRQHandler                                  build/startup_stm32f401xe.o
FLASH_WaitForLastOperation                        build/stm32f4xx_hal_flash.o
                                                  build/stm32f4xx_hal_flash_ex.o
FPU_IRQHandler                                    build/startup_stm32f401xe.o
FS_Desc                                           build/usb-cdc-device.o
Get_SerialNum                                     build/usb-cdc-device.o
HAL_DBGMCU_DisableDBGSleepMode                    build/stm32f4xx_hal.o
HAL_DBGMCU_DisableDBGStandbyMode                  build/stm32f4xx_hal.o
HAL_DBGMCU_DisableDBGStopMode                     build/stm32f4xx_hal.o
HAL_DBGMCU_EnableDBGSleepMode                     build/stm32f4xx_hal.o
HAL_DBGMCU_EnableDBGStandbyMode                   build/stm32f4xx_hal.o
HAL_DBGMCU_EnableDBGStopMode                      build/stm32f4xx_hal.o
HAL_DMAEx_ChangeMemory                            build/stm32f4xx_hal_dma_ex.o
HAL_DMAEx_MultiBufferStart                        build/stm32f4xx_hal_dma_ex.o
HAL_DMAEx_MultiBufferStart_IT                     build/stm32f4xx_hal_dma_ex.o
HAL_DMA_Abort                                     build/stm32f4xx_hal_dma.o
                                                  build/stm32f4xx_hal_uart.o
HAL_DMA_Abort_IT                                  build/stm32f4xx_hal_dma.o
                                                  build/stm32f4xx_hal_uart.o
                                                  build/stm32f4xx_hal_tim_ex.o
                                                  build/stm32f4xx_hal_tim.o
HAL_DMA_DeInit                                    build/stm32f4xx_hal_dma.o
HAL_DMA_GetError                                  build/stm32f4xx_hal_dma.o
                                                  build/stm32f4xx_hal_uart.o
HAL_DMA_GetState                                  build/stm32f4xx_hal_dma.o
HAL_DMA_IRQHandler                                build/stm32f4xx_hal_dma.o
HAL_DMA_Init                                      build/stm32f4xx_hal_dma.o
HAL_DMA_PollForTransfer                           build/stm32f4xx_hal_dma.o
HAL_DMA_RegisterCallback                          build/stm32f4xx_hal_dma.o
HAL_DMA_Start                                     build/stm32f4xx_hal_dma.o
HAL_DMA_Start_IT                                  build/stm32f4xx_hal_dma.o
                                                  build/stm32f4xx_hal_uart.o
                                                  build/stm32f4xx_hal_tim_ex.o
                                                  build/stm32f4xx_hal_tim.o
HAL_DMA_UnRegisterCallback                        build/stm32f4xx_hal_dma.o
HAL_DeInit                                        build/stm32f4xx_hal.o
HAL_Delay                                         build/stm32f4xx_hal.o
                                                  build/usb-cdc-device.o
                                                  build/stm32f4xx_ll_usb.o
                                                  build/nrf24.o
                                                  build/ili9341.o
                                                  build/main.o
HAL_DisableCompensationCell                       build/stm32f4xx_hal.o
HAL_EXTI_ClearConfigLine                          build/stm32f4xx_hal_exti.o
HAL_EXTI_ClearPending                             build/stm32f4xx_hal_exti.o
HAL_EXTI_GenerateSWI                              build/stm32f4xx_hal_exti.o
HAL_EXTI_GetConfigLine                            build/stm32f4xx_hal_exti.o
HAL_EXTI_GetHandle                                build/stm32f4xx_hal_exti.o
HAL_EXTI_GetPending                               build/stm32f4xx_hal_exti.o
HAL_EXTI_IRQHandler                               build/stm32f4xx_hal_exti.o
HAL_EXTI_RegisterCallback                         build/stm32f4xx_hal_exti.o
HAL_EXTI_SetConfigLine                            build/stm32f4xx_hal_exti.o
HAL_EnableCompensationCell                        build/stm32f4xx_hal.o
HAL_FLASHEx_AdvOBGetConfig                        build/stm32f4xx_hal_flash_ex.o
HAL_FLASHEx_AdvOBProgram                          build/stm32f4xx_hal_flash_ex.o
HAL_FLASHEx_Erase                                 build/stm32f4xx_hal_flash_ex.o
HAL_FLASHEx_Erase_IT                              build/stm32f4xx_hal_flash_ex.o
HAL_FLASHEx_OBGetConfig                           build/stm32f4xx_hal_flash_ex.o
HAL_FLASHEx_OBProgram                             build/stm32f4xx_hal_flash_ex.o
HAL_FLASHEx_OB_DeSelectPCROP                      build/stm32f4xx_hal_flash_ex.o
HAL_FLASHEx_OB_SelectPCROP                        build/stm32f4xx_hal_flash_ex.o
HAL_FLASH_EndOfOperationCallback                  build/stm32f4xx_hal_flash.o
HAL_FLASH_GetError                                build/stm32f4xx_hal_flash.o
HAL_FLASH_IRQHandler                              build/stm32f4xx_hal_flash.o
HAL_FLASH_Lock                                    build/stm32f4xx_hal_flash.o
HAL_FLASH_OB_Launch                               build/stm32f4xx_hal_flash.o
HAL_FLASH_OB_Lock                                 build/stm32f4xx_hal_flash.o
HAL_FLASH_OB_Unlock                               build/stm32f4xx_hal_flash.o
HAL_FLASH_OperationErrorCallback                  build/stm32f4xx_hal_flash.o
HAL_FLASH_Program                                 build/stm32f4xx_hal_flash.o
HAL_FLASH_Program_IT                              build/stm32f4xx_hal_flash.o
HAL_FLASH_Unlock                                  build/stm32f4xx_hal_flash.o
HAL_GPIO_DeInit                                   build/stm32f4xx_hal_gpio.o
                                                  build/usb-cdc-device.o
                                                  build/stm32f4xx_hal_msp.o
HAL_GPIO_EXTI_Callback                            build/stm32f4xx_hal_gpio.o
HAL_GPIO_EXTI_IRQHandler                          build/stm32f4xx_hal_gpio.o
HAL_GPIO_Init                                     build/stm32f4xx_hal_gpio.o
                                                  build/usb-cdc-device.o
                                                  build/ili9341.o
                                                  build/stm32f4xx_hal_rcc.o
                                                  build/stm32f4xx_hal_msp.o
                                                  build/main.o
HAL_GPIO_LockPin                                  build/stm32f4xx_hal_gpio.o
HAL_GPIO_ReadPin                                  build/stm32f4xx_hal_gpio.o
                                                  build/nrf24.o
                                                  build/ili9341.o
HAL_GPIO_TogglePin                                build/stm32f4xx_hal_gpio.o
HAL_GPIO_WritePin                                 build/stm32f4xx_hal_gpio.o
                                                  build/nrf24.o
                                                  build/ili9341.o
                                                  build/main.o
HAL_GetDEVID                                      build/stm32f4xx_hal.o
HAL_GetHalVersion                                 build/stm32f4xx_hal.o
HAL_GetREVID                                      build/stm32f4xx_hal.o
HAL_GetTick                                       build/stm32f4xx_hal.o
                                                  build/stm32f4xx_hal_pwr_ex.o
                                                  build/stm32f4xx_hal_dma.o
                                                  build/stm32f4xx_hal_flash.o
                                                  build/stm32f4xx_hal_rcc_ex.o
                                                  build/stm32f4xx_hal_rcc.o
                                                  build/stm32f4xx_hal_uart.o
HAL_GetTickFreq                                   build/stm32f4xx_hal.o
HAL_GetTickPrio                                   build/stm32f4xx_hal.o
HAL_GetUIDw0                                      build/stm32f4xx_hal.o
HAL_GetUIDw1                                      build/stm32f4xx_hal.o
HAL_GetUIDw2                                      build/stm32f4xx_hal.o
HAL_HalfDuplex_EnableReceiver                     build/stm32f4xx_hal_uart.o
HAL_HalfDuplex_EnableTransmitter                  build/stm32f4xx_hal_uart.o
HAL_HalfDuplex_Init                               build/stm32f4xx_hal_uart.o
HAL_IncTick                                       build/stm32f4xx_hal.o
                                                  build/main.o
HAL_Init                                          build/stm32f4xx_hal.o
                                                  build/main.o
HAL_InitTick                                      build/stm32f4xx_hal_timebase_tim.o
                                                  build/stm32f4xx_hal.o
                                                  build/stm32f4xx_hal_rcc_ex.o
                                                  build/stm32f4xx_hal_rcc.o
HAL_LIN_Init                                      build/stm32f4xx_hal_uart.o
HAL_LIN_SendBreak                                 build/stm32f4xx_hal_uart.o
HAL_MPU_ConfigRegion                              build/stm32f4xx_hal_cortex.o
HAL_MPU_Disable                                   build/stm32f4xx_hal_cortex.o
HAL_MPU_Enable                                    build/stm32f4xx_hal_cortex.o
HAL_MspDeInit                                     build/stm32f4xx_hal.o
HAL_MspInit                                       build/stm32f4xx_hal_msp.o
HAL_MultiProcessor_EnterMuteMode                  build/stm32f4xx_hal_uart.o
HAL_MultiProcessor_ExitMuteMode                   build/stm32f4xx_hal_uart.o
HAL_MultiProcessor_Init                           build/stm32f4xx_hal_uart.o
HAL_NVIC_ClearPendingIRQ                          build/stm32f4xx_hal_cortex.o
HAL_NVIC_DisableIRQ                               build/stm32f4xx_hal_cortex.o
                                                  build/usb-cdc-device.o
HAL_NVIC_EnableIRQ                                build/stm32f4xx_hal_cortex.o
                                                  build/usb-cdc-device.o
                                                  build/stm32f4xx_hal_timebase_tim.o
HAL_NVIC_GetActive                                build/stm32f4xx_hal_cortex.o
HAL_NVIC_GetPendingIRQ                            build/stm32f4xx_hal_cortex.o
HAL_NVIC_GetPriority                              build/stm32f4xx_hal_cortex.o
HAL_NVIC_GetPriorityGrouping                      build/stm32f4xx_hal_cortex.o
HAL_NVIC_SetPendingIRQ                            build/stm32f4xx_hal_cortex.o
HAL_NVIC_SetPriority                              build/stm32f4xx_hal_cortex.o
                                                  build/usb-cdc-device.o
                                                  build/stm32f4xx_hal_timebase_tim.o
                                                  build/stm32f4xx_hal.o
HAL_NVIC_SetPriorityGrouping                      build/stm32f4xx_hal_cortex.o
                                                  build/stm32f4xx_hal.o
                                                  build/stm32f4xx_hal_msp.o
HAL_NVIC_SystemReset                              build/stm32f4xx_hal_cortex.o
HAL_PCDEx_BCD_Callback                            build/stm32f4xx_hal_pcd_ex.o
HAL_PCDEx_LPM_Callback                            build/stm32f4xx_hal_pcd_ex.o
                                                  build/stm32f4xx_hal_pcd.o
HAL_PCDEx_SetRxFiFo                               build/stm32f4xx_hal_pcd_ex.o
                                                  build/usb-cdc-device.o
HAL_PCDEx_SetTxFiFo                               build/stm32f4xx_hal_pcd_ex.o
                                                  build/usb-cdc-device.o
HAL_PCD_ActivateRemoteWakeup                      build/stm32f4xx_hal_pcd.o
HAL_PCD_ConnectCallback                           build/usb-cdc-device.o
                                                  build/stm32f4xx_hal_pcd.o
HAL_PCD_DataInStageCallback                       build/usb-cdc-device.o
                                                  build/stm32f4xx_hal_pcd.o
HAL_PCD_DataOutStageCallback                      build/usb-cdc-device.o
                                                  build/stm32f4xx_hal_pcd.o
HAL_PCD_DeActivateRemoteWakeup                    build/stm32f4xx_hal_pcd.o
HAL_PCD_DeInit                                    build/stm32f4xx_hal_pcd.o
                                                  build/usb-cdc-device.o
HAL_PCD_DevConnect                                build/stm32f4xx_hal_pcd.o
HAL_PCD_DevDisconnect                             build/stm32f4xx_hal_pcd.o
HAL_PCD_DisconnectCallback                        build/usb-cdc-device.o
                                                  build/stm32f4xx_hal_pcd.o
HAL_PCD_EP_Abort                                  build/stm32f4xx_hal_pcd.o
HAL_PCD_EP_Close                                  build/stm32f4xx_hal_pcd.o
                                                  build/usb-cdc-device.o
HAL_PCD_EP_ClrStall                               build/stm32f4xx_hal_pcd.o
                                                  build/usb-cdc-device.o
HAL_PCD_EP_Flush                                  build/stm32f4xx_hal_pcd.o
                                                  build/usb-cdc-device.o
HAL_PCD_EP_GetRxCount                             build/stm32f4xx_hal_pcd.o
                                                  build/usb-cdc-device.o
HAL_PCD_EP_Open                                   build/stm32f4xx_hal_pcd.o
                                                  build/usb-cdc-device.o
HAL_PCD_EP_Receive                                build/stm32f4xx_hal_pcd.o
                                                  build/usb-cdc-device.o
HAL_PCD_EP_SetStall                               build/stm32f4xx_hal_pcd.o
                                                  build/usb-cdc-device.o
HAL_PCD_EP_Transmit                               build/stm32f4xx_hal_pcd.o
                                                  build/usb-cdc-device.o
HAL_PCD_GetState                                  build/stm32f4xx_hal_pcd.o
HAL_PCD_IRQHandler                                build/stm32f4xx_hal_pcd.o
                                                  build/stm32f4xx_it.o
HAL_PCD_ISOINIncompleteCallback                   build/stm32f4xx_hal_pcd.o
HAL_PCD_ISOOUTIncompleteCallback                  build/stm32f4xx_hal_pcd.o
HAL_PCD_Init                                      build/stm32f4xx_hal_pcd.o
                                                  build/usb-cdc-device.o
HAL_PCD_MspDeInit                                 build/usb-cdc-device.o
                                                  build/stm32f4xx_hal_pcd.o
HAL_PCD_MspInit                                   build/usb-cdc-device.o
                                                  build/stm32f4xx_hal_pcd.o
HAL_PCD_ResetCallback                             build/usb-cdc-device.o
                                                  build/stm32f4xx_hal_pcd.o
HAL_PCD_ResumeCallback                            build/stm32f4xx_hal_pcd.o
HAL_PCD_SOFCallback                               build/usb-cdc-device.o
                                                  build/stm32f4xx_hal_pcd.o
HAL_PCD_SetAddress                                build/stm32f4xx_hal_pcd.o
                                                  build/usb-cdc-device.o
HAL_PCD_SetTestMode                               build/stm32f4xx_hal_pcd.o
HAL_PCD_SetupStageCallback                        build/usb-cdc-device.o
                                                  build/stm32f4xx_hal_pcd.o
HAL_PCD_Start                                     build/stm32f4xx_hal_pcd.o
                                                  build/usb-cdc-device.o
HAL_PCD_Stop                                      build/stm32f4xx_hal_pcd.o
                                                  build/usb-cdc-device.o
HAL_PCD_SuspendCallback                           build/usb-cdc-device.o
                                                  build/stm32f4xx_hal_pcd.o
HAL_PCD_WKUP_IRQHandler                           build/stm32f4xx_hal_pcd.o
HAL_PWREx_ControlVoltageScaling                   build/stm32f4xx_hal_pwr_ex.o
HAL_PWREx_DisableBkUpReg                          build/stm32f4xx_hal_pwr_ex.o
HAL_PWREx_DisableFlashPowerDown                   build/stm32f4xx_hal_pwr_ex.o
HAL_PWREx_DisableLowRegulatorLowVoltage           build/stm32f4xx_hal_pwr_ex.o
HAL_PWREx_DisableMainRegulatorLowVoltage          build/stm32f4xx_hal_pwr_ex.o
HAL_PWREx_EnableBkUpReg                           build/stm32f4xx_hal_pwr_ex.o
HAL_PWREx_EnableFlashPowerDown                    build/stm32f4xx_hal_pwr_ex.o
HAL_PWREx_EnableLowRegulatorLowVoltage            build/stm32f4xx_hal_pwr_ex.o
HAL_PWREx_EnableMainRegulatorLowVoltage           build/stm32f4xx_hal_pwr_ex.o
HAL_PWREx_GetVoltageRange                         build/stm32f4xx_hal_pwr_ex.o
HAL_PWR_ConfigPVD                                 build/stm32f4xx_hal_pwr.o
HAL_PWR_DeInit                                    build/stm32f4xx_hal_pwr.o
HAL_PWR_DisableBkUpAccess                         build/stm32f4xx_hal_pwr.o
HAL_PWR_DisablePVD                                build/stm32f4xx_hal_pwr.o
HAL_PWR_DisableSEVOnPend                          build/stm32f4xx_hal_pwr.o
HAL_PWR_DisableSleepOnExit                        build/stm32f4xx_hal_pwr.o
HAL_PWR_DisableWakeUpPin                          build/stm32f4xx_hal_pwr.o
HAL_PWR_EnableBkUpAccess                          build/stm32f4xx_hal_pwr.o
HAL_PWR_EnablePVD                                 build/stm32f4xx_hal_pwr.o
HAL_PWR_EnableSEVOnPend                           build/stm32f4xx_hal_pwr.o
HAL_PWR_EnableSleepOnExit                         build/stm32f4xx_hal_pwr.o
HAL_PWR_EnableWakeUpPin                           build/stm32f4xx_hal_pwr.o
HAL_PWR_EnterSLEEPMode                            build/stm32f4xx_hal_pwr.o
HAL_PWR_EnterSTANDBYMode                          build/stm32f4xx_hal_pwr.o
HAL_PWR_EnterSTOPMode                             build/stm32f4xx_hal_pwr.o
HAL_PWR_PVDCallback                               build/stm32f4xx_hal_pwr.o
HAL_PWR_PVD_IRQHandler                            build/stm32f4xx_hal_pwr.o
HAL_RCCEx_DisablePLLI2S                           build/stm32f4xx_hal_rcc_ex.o
HAL_RCCEx_EnablePLLI2S                            build/stm32f4xx_hal_rcc_ex.o
HAL_RCCEx_GetPeriphCLKConfig                      build/stm32f4xx_hal_rcc_ex.o
HAL_RCCEx_GetPeriphCLKFreq                        build/stm32f4xx_hal_rcc_ex.o
HAL_RCCEx_PeriphCLKConfig                         build/stm32f4xx_hal_rcc_ex.o
HAL_RCC_CSSCallback                               build/stm32f4xx_hal_rcc.o
HAL_RCC_ClockConfig                               build/stm32f4xx_hal_rcc.o
                                                  build/main.o
HAL_RCC_DeInit                                    build/stm32f4xx_hal_rcc_ex.o
                                                  build/stm32f4xx_hal_rcc.o
HAL_RCC_DisableCSS                                build/stm32f4xx_hal_rcc.o
HAL_RCC_EnableCSS                                 build/stm32f4xx_hal_rcc.o
HAL_RCC_GetClockConfig                            build/stm32f4xx_hal_rcc.o
                                                  build/stm32f4xx_hal_timebase_tim.o
HAL_RCC_GetHCLKFreq                               build/stm32f4xx_hal_rcc.o
                                                  build/stm32f4xx_hal_pcd.o
HAL_RCC_GetOscConfig                              build/stm32f4xx_hal_rcc.o